ca/mcgill/sel/ram/ui/views/structural/handler/impl/OperationNameHandler.class
ca/mcgill/sel/ram/ui/views/message/handler/impl/InteractionConstraintHandler$3.class
ca/mcgill/sel/ram/ui/scenes/handler/impl/SelectSceneHandler$1.class
ca/mcgill/sel/ram/ui/views/message/handler/impl/MessageAssignToHandler.class
ca/mcgill/sel/ram/ui/views/feature/handler/impl/FeatureEditModeHandler$ModelSelectorNamer.class
ca/mcgill/sel/ram/ui/components/listeners/RamPanelListener.class
ca/mcgill/sel/ram/ui/views/message/handler/impl/MessageHandler$2.class
ca/mcgill/sel/ram/ui/views/structural/ClassifierMappingContainerView.class
ca/mcgill/sel/ram/ui/RamApp$4.class
ca/mcgill/sel/ram/ui/views/state/StateComponentView$1.class
ca/mcgill/sel/ram/ui/views/impact/handler/impl/WeightedLinkSelectHandler.class
ca/mcgill/sel/ram/ui/components/navigationbar/NavigationBar$32.class
ca/mcgill/sel/ram/ui/views/impact/ReuseGoalSelectorView$InternalReuseGoalNamer$ImpactListListener.class
ca/mcgill/sel/ram/ui/components/listeners/RamKeyboardListener.class
ca/mcgill/sel/ram/ui/views/structural/OperationView.class
ca/mcgill/sel/ram/ui/views/feature/handler/impl/FeatureDiagramEditHandler$1.class
ca/mcgill/sel/ram/ui/utils/WeaverRunner$2.class
ca/mcgill/sel/ram/ui/views/impact/handler/impl/ImpactEditDiagramHandler.class
ca/mcgill/sel/ram/ui/events/MouseWheelProcessor$1.class
ca/mcgill/sel/ram/ui/views/state/StateViewView$1.class
ca/mcgill/sel/ram/ui/components/RamListComponent.class
ca/mcgill/sel/ram/ui/views/message/handler/impl/MessageViewHandler$3.class
ca/mcgill/sel/ram/ui/views/impact/handler/impl/ImpactSelectDiagramHandler.class
ca/mcgill/sel/ram/ui/views/feature/FeatureDiagramEditView.class
ca/mcgill/sel/ram/ui/layouts/HorizontalLayoutVerticallyCentered.class
ca/mcgill/sel/ram/ui/components/navigationbar/NavigationBar$7.class
ca/mcgill/sel/ram/ui/views/containers/ValidationView.class
ca/mcgill/sel/ram/ui/components/AlignmentLineComponent.class
ca/mcgill/sel/ram/ui/scenes/handler/impl/DefaultRamSceneHandler.class
ca/mcgill/sel/ram/ui/layouts/AutomaticLayout.class
ca/mcgill/sel/ram/ui/components/menu/RamLinkedMenu$2.class
ca/mcgill/sel/ram/ui/views/feature/handler/impl/FeatureEditModeHandler$3.class
ca/mcgill/sel/ram/ui/scenes/handler/impl/DisplayAspectSceneHandler$GenerateSelectorListener$1.class
ca/mcgill/sel/ram/ui/views/state/handler/impl/TransitionViewHandler.class
ca/mcgill/sel/ram/ui/views/SelectorView.class
ca/mcgill/sel/ram/ui/events/LockedAxisUnistrokeProcessor$1.class
ca/mcgill/sel/ram/ui/views/state/StateDiagramView$1.class
ca/mcgill/sel/ram/ui/components/ConfirmPopup.class
ca/mcgill/sel/ram/ui/components/navigationbar/NavigationBar$2.class
ca/mcgill/sel/ram/ui/RamApp$9.class
ca/mcgill/sel/ram/ui/views/containers/COREConstraintContainer$ConstraintNamer$1.class
ca/mcgill/sel/ram/ui/views/message/LifelineView$EventContainer.class
ca/mcgill/sel/ram/ui/views/containers/ValidationView$ValidatorViewSelectorListener.class
ca/mcgill/sel/ram/ui/views/containers/ValidationView$InternalValidationErrorHandler.class
ca/mcgill/sel/ram/ui/layouts/HorizontalLayout.class
ca/mcgill/sel/ram/ui/views/impact/handler/impl/GoalImpactViewEditHandler.class
ca/mcgill/sel/ram/ui/views/structural/handler/impl/EnumNameHandler.class
ca/mcgill/sel/ram/ui/views/structural/handler/impl/CompositionViewHandler.class
ca/mcgill/sel/ram/ui/components/menu/RamMenu.class
ca/mcgill/sel/ram/ui/views/containers/COREImpactConcernSelectContainer$InternalNamer.class
ca/mcgill/sel/ram/ui/components/RamPanelComponent$PanelDragAction.class
ca/mcgill/sel/ram/ui/views/structural/handler/impl/ClassifierVisibilityViewHandler.class
ca/mcgill/sel/ram/ui/components/browser/RamFileBrowser$4.class
ca/mcgill/sel/ram/ui/views/structural/handler/impl/ImplementationClassViewHandler$3.class
ca/mcgill/sel/ram/ui/components/navigationbar/SlideUpDownTransition$3.class
ca/mcgill/sel/ram/ui/views/structural/CompositionView.class
ca/mcgill/sel/ram/ui/components/navigationbar/NavigationBar$24.class
ca/mcgill/sel/ram/ui/views/containers/COREImpactContainer$InternalImpactModelElementNamer$ImpactListListener.class
ca/mcgill/sel/ram/ui/events/listeners/ITapAndHoldListener.class
ca/mcgill/sel/ram/ui/views/impact/GoalImpactView.class
ca/mcgill/sel/ram/ui/views/RelationshipView$CompositionPolygon.class
ca/mcgill/sel/ram/ui/views/structural/MappingSelectorView.class
ca/mcgill/sel/ram/ui/views/structural/handler/impl/StructuralViewHandler$6.class
ca/mcgill/sel/ram/ui/components/browser/CoreFileBrowser.class
ca/mcgill/sel/ram/ui/views/structural/ClassifierView$2.class
ca/mcgill/sel/ram/ui/views/handler/ITextViewHandler.class
ca/mcgill/sel/ram/ui/views/message/handler/impl/AssignToHandler$AssignToSelector.class
ca/mcgill/sel/ram/ui/views/structural/ClassView.class
ca/mcgill/sel/ram/ui/components/navigationbar/NavigationBar$16.class
ca/mcgill/sel/ram/ui/components/navigationbar/NavigationBarSection$1.class
ca/mcgill/sel/ram/ui/views/state/StateDiagramView.class
ca/mcgill/sel/ram/ui/views/message/handler/ILifelineViewHandler.class
ca/mcgill/sel/ram/ui/utils/OSXAdapter.class
ca/mcgill/sel/ram/ui/views/impact/ImpactEditDiagramView.class
ca/mcgill/sel/ram/ui/components/navigationbar/NavigationBarMenuElement$5.class
ca/mcgill/sel/ram/ui/views/state/handler/impl/TransitionViewHandler$1.class
ca/mcgill/sel/ram/ui/views/message/LifelineView$PlaceholderView.class
ca/mcgill/sel/ram/ui/views/message/handler/HandlerFactoryMessageView.class
ca/mcgill/sel/ram/ui/views/message/handler/impl/CombinedFragmentHandler$FragmentOptions.class
ca/mcgill/sel/ram/ui/views/state/handler/impl/StateViewNameHandler$1.class
ca/mcgill/sel/ram/ui/views/structural/handler/impl/AssociationViewHandler$2.class
ca/mcgill/sel/ram/ui/components/RamKeyboard$2.class
ca/mcgill/sel/ram/ui/views/containers/ValidationView$1.class
ca/mcgill/sel/ram/ui/views/structural/handler/impl/ClassNameHandler.class
ca/mcgill/sel/ram/ui/components/RamListComponent$2.class
ca/mcgill/sel/ram/ui/views/handler/BaseHandler$1.class
ca/mcgill/sel/ram/ui/scenes/AbstractImpactScene.class
ca/mcgill/sel/ram/ui/components/navigationbar/NavigationBarMenu$NavigatonBarNamer.class
ca/mcgill/sel/ram/ui/views/structural/handler/impl/AttributeNameHandler.class
ca/mcgill/sel/ram/ui/views/structural/StructuralDiagramView$1.class
ca/mcgill/sel/ram/ui/examples/ExpendableExample$ExpendableExampleScene$4.class
ca/mcgill/sel/ram/ui/scenes/handler/impl/DisplayAspectSceneHandler$SaveConfirmListener$1.class
ca/mcgill/sel/ram/ui/views/structural/wrappers/CallableMemberWrapper.class
ca/mcgill/sel/ram/ui/components/RamPanelListComponent$1.class
ca/mcgill/sel/ram/ui/views/state/StateMachineView.class
ca/mcgill/sel/ram/ui/views/impact/namer/ImpactFeatureNamer.class
ca/mcgill/sel/ram/ui/views/feature/handler/impl/FeatureSelectModeHandler.class
ca/mcgill/sel/ram/ui/TouchCORE$1.class
ca/mcgill/sel/ram/ui/views/message/handler/impl/ReferenceAndValueHandler$5.class
ca/mcgill/sel/ram/ui/components/navigationbar/NavigationBar$28.class
ca/mcgill/sel/ram/ui/components/browser/ConcernCreatorBrowser.class
ca/mcgill/sel/ram/ui/views/containers/COREImpactContainer.class
ca/mcgill/sel/ram/ui/layouts/GridLayout.class
ca/mcgill/sel/ram/ui/views/structural/handler/impl/ImplementationClassViewHandler$2.class
ca/mcgill/sel/ram/ui/views/structural/EnumLiteralMappingView.class
ca/mcgill/sel/ram/ui/views/OptionSelectorView$Iconified.class
ca/mcgill/sel/ram/ui/components/navigationbar/NavigationBarSection.class
ca/mcgill/sel/ram/ui/views/structural/handler/impl/ClassViewHandler$2.class
ca/mcgill/sel/ram/ui/views/containers/COREFeatureContainer.class
ca/mcgill/sel/ram/ui/views/structural/AssociationView$2.class
ca/mcgill/sel/ram/ui/views/handler/BaseHandler.class
ca/mcgill/sel/ram/ui/views/structural/handler/impl/CompositionDefaultNameHandler.class
ca/mcgill/sel/ram/ui/views/containers/COREConstraintContainer.class
ca/mcgill/sel/ram/ui/examples/AnimationExample$AnimationExampleScene$1$4.class
ca/mcgill/sel/ram/ui/views/state/handler/impl/StateViewHandler.class
ca/mcgill/sel/ram/ui/utils/ResourceUtils$OperatingSystem.class
ca/mcgill/sel/ram/ui/scenes/RamAbstractScene$1.class
ca/mcgill/sel/ram/ui/events/listeners/IDragListener.class
ca/mcgill/sel/ram/ui/scenes/handler/impl/DisplayAspectSceneHandler$GenerateSelectorListener$1$2.class
ca/mcgill/sel/ram/ui/components/navigationbar/NavigationBarMenuElement$4.class
ca/mcgill/sel/ram/ui/views/structural/EnumView$1.class
ca/mcgill/sel/ram/ui/views/state/handler/impl/TransitionViewHandler$2.class
ca/mcgill/sel/ram/ui/components/browser/interfaces/IConcernCreatorBrowserListener.class
ca/mcgill/sel/ram/ui/views/structural/handler/impl/StructuralViewHandler$2.class
ca/mcgill/sel/ram/ui/scenes/handler/impl/DisplayAspectSceneHandler$GenerateSelectorListener$1$1.class
ca/mcgill/sel/ram/ui/views/impact/ContributionView$TextViewContainer$1.class
ca/mcgill/sel/ram/ui/views/message/MessageViewView$AddFragmentSwitcher.class
ca/mcgill/sel/ram/ui/views/message/MessageCallView$1.class
ca/mcgill/sel/ram/ui/components/browser/ConcernCreatorBrowser$1.class
ca/mcgill/sel/ram/ui/views/structural/ClassView$1.class
ca/mcgill/sel/ram/ui/views/impact/ImpactSelectDiagramView.class
ca/mcgill/sel/ram/ui/components/browser/AspectFileBrowser$1.class
ca/mcgill/sel/ram/ui/views/impact/handler/impl/GoalImpactViewHandler.class
ca/mcgill/sel/ram/ui/examples/CommandsTest.class
ca/mcgill/sel/ram/ui/components/RamPopup$2.class
ca/mcgill/sel/ram/ui/views/impact/AbstractFeatureImpactNodeLineView.class
ca/mcgill/sel/ram/ui/views/message/handler/impl/AssignmentStatementHandler$1.class
ca/mcgill/sel/ram/ui/views/impact/handler/impl/WeightedLinkEditHandler$OPTION.class
ca/mcgill/sel/ram/ui/utils/ResourceUtils.class
ca/mcgill/sel/ram/ui/components/menu/RamMenu$1.class
ca/mcgill/sel/ram/ui/views/message/handler/impl/AssignmentStatementHandler$FragmentOptions.class
ca/mcgill/sel/ram/ui/views/structural/handler/impl/StructuralViewHandler$1.class
ca/mcgill/sel/ram/ui/views/feature/handler/impl/FeatureSelectModeHandler$1.class
ca/mcgill/sel/ram/ui/scenes/handler/impl/DisplayAspectSceneHandler$SaveConfirmListenerConcern$1.class
ca/mcgill/sel/ram/ui/views/handler/HandlerFactory.class
ca/mcgill/sel/ram/ui/views/DefaultRelationshipView.class
ca/mcgill/sel/ram/ui/views/message/handler/impl/AssignToHandler.class
ca/mcgill/sel/ram/ui/views/message/handler/impl/ReferenceAndValueHandler$4.class
ca/mcgill/sel/ram/ui/components/RamKeyboard$KeyboardPosition.class
ca/mcgill/sel/ram/ui/scenes/handler/impl/BuildApplicationSceneHandler.class
ca/mcgill/sel/ram/ui/views/containers/ValidationView$InternalQuickfixSelector$1.class
ca/mcgill/sel/ram/ui/utils/RamModelUtils$1.class
ca/mcgill/sel/ram/ui/scenes/handler/impl/ConcernSelectSceneHandler.class
ca/mcgill/sel/ram/ui/views/structural/handler/IParameterViewHandler.class
ca/mcgill/sel/ram/ui/views/containers/COREImpactConcernSelectContainer.class
ca/mcgill/sel/ram/ui/views/containers/TracingView$1.class
ca/mcgill/sel/ram/ui/views/impact/handler/impl/FeatureImpactViewHandler.class
ca/mcgill/sel/ram/ui/views/feature/handler/impl/FeatureDiagramEditHandler$2.class
ca/mcgill/sel/ram/ui/scenes/handler/impl/DisplayApplicationWovenAspectSceneHandler.class
ca/mcgill/sel/ram/ui/views/feature/FeatureDiagramEditView$1.class
ca/mcgill/sel/ram/ui/utils/Strings.class
ca/mcgill/sel/ram/ui/utils/WeaverRunner$1.class
ca/mcgill/sel/ram/ui/components/navigationbar/NavigationBar$1.class
ca/mcgill/sel/ram/ui/views/structural/DataTypeView.class
ca/mcgill/sel/ram/ui/utils/RamModelUtils.class
ca/mcgill/sel/ram/ui/components/RamPopup$PopupType.class
ca/mcgill/sel/ram/ui/views/structural/CompositionsPanel.class
ca/mcgill/sel/ram/ui/views/structural/handler/IEnumNameHandler.class
ca/mcgill/sel/ram/ui/views/containers/TracingView.class
ca/mcgill/sel/ram/ui/views/message/handler/impl/AssignToHandler$1.class
ca/mcgill/sel/ram/ui/components/menu/RamMenu$RamMenuHandler.class
ca/mcgill/sel/ram/ui/RamApp$8.class
ca/mcgill/sel/ram/ui/components/navigationbar/NavigationBar$36.class
ca/mcgill/sel/ram/ui/views/message/handler/impl/InteractionConstraintHandler$4.class
ca/mcgill/sel/ram/ui/examples/ExpendableExample.class
ca/mcgill/sel/ram/ui/views/structural/handler/impl/EnumViewHandler$1.class
ca/mcgill/sel/ram/ui/scenes/handler/impl/SelectSceneHandler$2.class
ca/mcgill/sel/ram/ui/components/navigationbar/NavigationBar$33.class
ca/mcgill/sel/ram/ui/scenes/handler/impl/DisplayAspectSceneHandler$SaveConfirmListenerAspect$1.class
ca/mcgill/sel/ram/ui/RamApp$5.class
ca/mcgill/sel/ram/ui/events/LockedAxisUnistrokeProcessor.class
ca/mcgill/sel/ram/ui/components/browser/RamFileBrowser$HeaderLayout.class
ca/mcgill/sel/ram/ui/views/impact/ReuseGoalSelectorView$1.class
ca/mcgill/sel/ram/ui/components/ConfirmPopup$OptionType.class
ca/mcgill/sel/ram/ui/views/impact/ReuseGoalSelectorView$ReuseGoalListener.class
ca/mcgill/sel/ram/ui/views/impact/handler/HandlerFactoryImpactModel.class
ca/mcgill/sel/ram/ui/utils/validation/ValidationManager.class
ca/mcgill/sel/ram/ui/components/RamListComponent$Namer.class
ca/mcgill/sel/ram/ui/components/RamAnimatedImage.class
ca/mcgill/sel/ram/ui/components/ContainerComponent$AdaptiveLayout.class
ca/mcgill/sel/ram/ui/views/structural/handler/impl/CompositionExtendNameHandler$1$1.class
ca/mcgill/sel/ram/ui/components/navigationbar/NavigationBar$29.class
ca/mcgill/sel/ram/ui/layouts/AbstractBaseLayout.class
ca/mcgill/sel/ram/ui/views/structural/AssociationView$MultiplicityTextView.class
ca/mcgill/sel/ram/ui/utils/validation/ValidationManagerListener.class
ca/mcgill/sel/ram/ui/views/state/handler/impl/StateComponentViewHandler.class
ca/mcgill/sel/ram/ui/layouts/HorizontalLayoutRightAligned.class
ca/mcgill/sel/ram/ui/views/message/handler/impl/MessageViewHandler$2.class
ca/mcgill/sel/ram/ui/utils/GraphicalUpdater$HighlightCommand.class
ca/mcgill/sel/ram/ui/views/impact/FeatureImpactView$1.class
ca/mcgill/sel/ram/ui/views/message/MessageCallView$ArgumentView.class
ca/mcgill/sel/ram/ui/views/structural/ClassifierView.class
ca/mcgill/sel/ram/ui/components/navigationbar/NavigationBar$25.class
ca/mcgill/sel/ram/ui/views/containers/ValidationView$InternalQuickfixNamer.class
ca/mcgill/sel/ram/ui/views/structural/StructuralDiagramView$2.class
ca/mcgill/sel/ram/ui/views/impact/handler/impl/ImpactEditDiagramHandler$2.class
ca/mcgill/sel/ram/ui/components/RamSelectorComponent.class
ca/mcgill/sel/ram/ui/components/RamPanelComponent.class
ca/mcgill/sel/ram/ui/examples/ImageExample.class
ca/mcgill/sel/ram/ui/components/RamPopup$Splitter.class
ca/mcgill/sel/ram/ui/views/TextView.class
ca/mcgill/sel/ram/ui/examples/ListExample$ListExampleScene.class
ca/mcgill/sel/ram/ui/components/browser/interfaces/AspectFileBrowserListener.class
ca/mcgill/sel/ram/ui/views/feature/handler/impl/ReuseEditModeHandler$ReuseActions.class
ca/mcgill/sel/ram/ui/examples/AnimationExample$AnimationExampleScene$1$1.class
ca/mcgill/sel/ram/ui/views/handler/ILinkedMenuListener.class
ca/mcgill/sel/ram/ui/views/OptionSelectorView.class
ca/mcgill/sel/ram/ui/components/browser/RamFileBrowser$5.class
ca/mcgill/sel/ram/ui/views/structural/handler/impl/StructuralViewHandler.class
ca/mcgill/sel/ram/ui/views/feature/handler/impl/FeatureSelectModeHandler$2.class
ca/mcgill/sel/ram/ui/layouts/VerticalLayout$1.class
ca/mcgill/sel/ram/ui/views/structural/handler/IBaseViewHandler.class
ca/mcgill/sel/ram/ui/components/navigationbar/NavigationBar$3.class
ca/mcgill/sel/ram/ui/views/state/handler/impl/TransitionNameHandler.class
ca/mcgill/sel/ram/ui/views/structural/handler/impl/AssociationRoleNameHandler$2.class
ca/mcgill/sel/ram/ui/components/navigationbar/NavigationBar$20.class
ca/mcgill/sel/ram/ui/components/browser/RamFileBrowser$4$1.class
ca/mcgill/sel/ram/ui/views/structural/AssociationView.class
ca/mcgill/sel/ram/ui/utils/MetamodelRegex.class
ca/mcgill/sel/ram/ui/events/UnistrokeProcessorLeftClick.class
ca/mcgill/sel/ram/ui/events/RamKeyboardInputSource.class
ca/mcgill/sel/ram/ui/views/containers/COREImpactModelContainer$InternalNamer.class
ca/mcgill/sel/ram/ui/views/message/handler/impl/InteractionConstraintHandler$2.class
ca/mcgill/sel/ram/ui/views/message/handler/IValueSpecificationHandler.class
ca/mcgill/sel/ram/ui/components/menu/RamLinkedMenu$1.class
ca/mcgill/sel/ram/ui/views/structural/handler/impl/ModelReuseContainerViewHandler.class
ca/mcgill/sel/ram/ui/utils/WeaverRunner$3.class
ca/mcgill/sel/ram/ui/components/RamPopup$1.class
ca/mcgill/sel/ram/ui/components/navigationbar/NavigationBar$8.class
ca/mcgill/sel/ram/ui/components/navigationbar/NavigationBarMenu.class
ca/mcgill/sel/ram/ui/views/structural/ClassifierView$1.class
ca/mcgill/sel/ram/ui/events/listeners/IPanListener.class
ca/mcgill/sel/ram/ui/RamApp$3.class
ca/mcgill/sel/ram/ui/views/message/handler/impl/AssignmentAssignToHandler$1.class
ca/mcgill/sel/ram/ui/views/structural/handler/ICompositionContainerViewHandler.class
ca/mcgill/sel/ram/ui/components/RamPanelComponent$InternalTopHandler.class
ca/mcgill/sel/ram/ui/views/message/handler/impl/AssignmentStatementHandler$2.class
ca/mcgill/sel/ram/ui/examples/ExpendableExample$ExpendableExampleScene$3.class
ca/mcgill/sel/ram/ui/utils/BasicActionsUtils$1.class
ca/mcgill/sel/ram/ui/views/RamEnd$1.class
ca/mcgill/sel/ram/ui/components/navigationbar/NavigationBarMenu$NavigatonBarNamerRM.class
ca/mcgill/sel/ram/ui/views/message/handler/impl/MessageHandler$1.class
ca/mcgill/sel/ram/ui/views/structural/OperationView$1.class
ca/mcgill/sel/ram/ui/examples/ImageExample$1.class
ca/mcgill/sel/ram/ui/components/navigationbar/NavigationBar$6.class
ca/mcgill/sel/ram/ui/views/containers/TracingView$TracingViewSelectorListener.class
ca/mcgill/sel/ram/ui/views/AbstractView$InternalLayout.class
ca/mcgill/sel/ram/ui/views/message/handler/impl/CombinedFragmentHandler$1.class
ca/mcgill/sel/ram/ui/views/structural/handler/impl/OperationViewHandler.class
ca/mcgill/sel/ram/ui/views/structural/EnumView.class
ca/mcgill/sel/ram/ui/components/RamRectangleComponent.class
ca/mcgill/sel/ram/ui/views/message/handler/impl/ReferenceAndValueHandler$ValueOptions.class
ca/mcgill/sel/ram/ui/components/RamImageTextComponent.class
ca/mcgill/sel/ram/ui/components/browser/RamFileBrowser$RamFileBrowserType.class
ca/mcgill/sel/ram/ui/views/structural/handler/impl/InheritanceViewHandler.class
ca/mcgill/sel/ram/ui/views/structural/handler/impl/ImplementationClassViewHandler.class
ca/mcgill/sel/ram/ui/views/structural/handler/impl/OperationViewHandler$4.class
ca/mcgill/sel/ram/ui/components/navigationbar/NavigationBar$23.class
ca/mcgill/sel/ram/ui/components/browser/RamFileBrowser$3.class
ca/mcgill/sel/ram/ui/components/menu/RamMenu$Position.class
ca/mcgill/sel/ram/ui/views/feature/handler/impl/ReuseEditModeHandler$1.class
ca/mcgill/sel/ram/ui/views/structural/handler/impl/OperationMappingToElementHandler.class
ca/mcgill/sel/ram/ui/components/RamSelectorComponent$1.class
ca/mcgill/sel/ram/ui/views/structural/handler/IOperationViewHandler.class
ca/mcgill/sel/ram/ui/examples/AnimationExample$AnimationExampleScene$1.class
ca/mcgill/sel/ram/ui/views/structural/handler/impl/CompositionsPanelHandler.class
ca/mcgill/sel/ram/ui/views/impact/handler/impl/ContributionViewHandler$2.class
ca/mcgill/sel/ram/ui/views/message/handler/impl/MessageHandler.class
ca/mcgill/sel/ram/ui/views/message/MessageViewView$InternalLayout.class
ca/mcgill/sel/ram/ui/components/RamListComponent$ScrollListLayout.class
ca/mcgill/sel/ram/ui/events/listeners/ActionListener$ActionEvent.class
ca/mcgill/sel/ram/ui/views/impact/handler/impl/WeightedLinkEditHandler$2.class
ca/mcgill/sel/ram/ui/views/state/handler/impl/StateMachineViewHandler$1.class
ca/mcgill/sel/ram/ui/views/state/TransitionView$TransitionEndType.class
ca/mcgill/sel/ram/ui/components/listeners/RamTextListener.class
ca/mcgill/sel/ram/ui/components/listeners/RamListListener.class
ca/mcgill/sel/ram/ui/views/message/handler/impl/ReferenceAndValueHandler.class
ca/mcgill/sel/ram/ui/components/navigationbar/NavigationBar$22.class
ca/mcgill/sel/ram/ui/views/handler/IHandled.class
ca/mcgill/sel/ram/ui/views/RelationshipView.class
ca/mcgill/sel/ram/ui/views/structural/handler/impl/AssociationViewHandler$1.class
ca/mcgill/sel/ram/ui/layouts/DefaultLayout.class
ca/mcgill/sel/ram/ui/views/structural/handler/impl/EnumLiteralNameHandler.class
ca/mcgill/sel/ram/ui/views/structural/ClassifierMappingView.class
ca/mcgill/sel/ram/ui/RamApp$3$1.class
ca/mcgill/sel/ram/ui/views/structural/handler/impl/CompositionDefaultNameHandler$Actions.class
ca/mcgill/sel/ram/ui/views/RelationshipView$InheritancePolygon.class
ca/mcgill/sel/ram/ui/views/impact/namer/ImpactModelElementNamer$1.class
ca/mcgill/sel/ram/ui/components/RamTextComponent.class
ca/mcgill/sel/ram/ui/examples/EMFListExample$ListExampleScene.class
ca/mcgill/sel/ram/ui/components/browser/RamFileBrowser$OtherSelectorListener.class
ca/mcgill/sel/ram/ui/components/navigationbar/NavigationBar$BackMenuHandler.class
ca/mcgill/sel/ram/ui/views/state/handler/impl/TransitionNameHandler$1.class
ca/mcgill/sel/ram/ui/views/message/handler/IAssignToHandler.class
ca/mcgill/sel/ram/ui/views/structural/handler/impl/AttributeMappingToElementHandler$1.class
ca/mcgill/sel/ram/ui/components/menu/RamLinkedMenu.class
ca/mcgill/sel/ram/ui/RamApp$8$1.class
ca/mcgill/sel/ram/ui/components/ContainerComponent$1.class
ca/mcgill/sel/ram/ui/views/structural/handler/impl/OperationMappingToElementHandler$1.class
ca/mcgill/sel/ram/ui/components/navigationbar/NavigationBarSection$8.class
ca/mcgill/sel/ram/ui/examples/ExpendableExample$ExpendableExampleScene$2.class
ca/mcgill/sel/ram/ui/utils/Icons.class
ca/mcgill/sel/ram/ui/views/message/LifelineView$FragmentView.class
ca/mcgill/sel/ram/ui/views/structural/handler/impl/OperationViewHandler$1.class
ca/mcgill/sel/ram/ui/views/RamEnd$Position.class
ca/mcgill/sel/ram/ui/components/listeners/RamSelectorListener.class
ca/mcgill/sel/ram/ui/views/impact/handler/impl/ImpactModelElementViewHandler.class
ca/mcgill/sel/ram/ui/views/impact/handler/impl/ContributionViewHandler$1.class
ca/mcgill/sel/ram/ui/examples/SelectorExample$SelectorExampleScene$1.class
ca/mcgill/sel/ram/ui/utils/GUIConstants.class
ca/mcgill/sel/ram/ui/views/containers/COREConstraintContainer$ConstraintsComparator.class
ca/mcgill/sel/ram/ui/views/impact/ImpactDiagramView.class
ca/mcgill/sel/ram/ui/views/feature/helpers/Constraint$1.class
ca/mcgill/sel/ram/ui/components/navigationbar/NavigationBarSection$9.class
ca/mcgill/sel/ram/ui/components/RamSelectorComponent$InternalSelectorHandler.class
ca/mcgill/sel/ram/ui/components/navigationbar/NavigationBarSection$2.class
ca/mcgill/sel/ram/ui/views/state/TransitionView$1.class
ca/mcgill/sel/ram/ui/examples/ExpendableExample$ExpendableExampleScene$1.class
ca/mcgill/sel/ram/ui/views/message/handler/impl/AssignmentAssignToHandler$2.class
ca/mcgill/sel/ram/ui/components/browser/CoreFileBrowser$1.class
ca/mcgill/sel/ram/ui/views/structural/handler/impl/ModelReuseContainerViewHandler$1.class
ca/mcgill/sel/ram/ui/components/RamPanelComponent$HeaderLayout.class
ca/mcgill/sel/ram/ui/views/structural/handler/impl/ClassViewHandler.class
ca/mcgill/sel/ram/ui/views/structural/handler/IClassViewHandler.class
ca/mcgill/sel/ram/ui/views/structural/handler/IEnumViewHandler.class
ca/mcgill/sel/ram/ui/components/browser/RamFileBrowser$FileItem$TapHandler.class
ca/mcgill/sel/ram/ui/views/message/handler/impl/MessageViewHandler$1$1.class
ca/mcgill/sel/ram/ui/examples/EMFListExample.class
ca/mcgill/sel/ram/ui/components/navigationbar/NavigationBarSection$3.class
ca/mcgill/sel/ram/ui/views/structural/handler/IOperationNameHandler.class
ca/mcgill/sel/ram/ui/components/RamRectangleComponent$Cardinal.class
ca/mcgill/sel/ram/ui/views/message/handler/impl/AssignToHandler$AssignToSelector$InternalNamer.class
ca/mcgill/sel/ram/ui/examples/CommandsTest$1.class
ca/mcgill/sel/ram/ui/scenes/handler/impl/ConcernEditSceneHandler$1.class
ca/mcgill/sel/ram/ui/components/RamListComponent$InternalComparator.class
ca/mcgill/sel/ram/ui/components/ConfirmPopup$SelectionListener.class
ca/mcgill/sel/ram/ui/examples/AnimationExample$1.class
ca/mcgill/sel/ram/ui/components/browser/RamFileBrowser.class
ca/mcgill/sel/ram/ui/examples/PopupExample$PopupExampleScene.class
ca/mcgill/sel/ram/ui/views/structural/handler/impl/AssociationRoleNameHandler$1.class
ca/mcgill/sel/ram/ui/views/message/LifelineView.class
ca/mcgill/sel/ram/ui/components/menu/RamMenuAction.class
ca/mcgill/sel/ram/ui/components/browser/interfaces/JarFileBrowserListener.class
ca/mcgill/sel/ram/ui/views/state/handler/IStateMachineViewHandler.class
ca/mcgill/sel/ram/ui/views/message/handler/impl/ReferenceAndValueHandler$ValueSelector.class
ca/mcgill/sel/ram/ui/views/state/handler/impl/StateViewNameHandler.class
ca/mcgill/sel/ram/ui/views/impact/FeatureImpactView.class
ca/mcgill/sel/ram/ui/views/impact/handler/impl/ContributionViewHandler$OPTION.class
ca/mcgill/sel/ram/ui/components/navigationbar/NavigationBarSection$4.class
ca/mcgill/sel/ram/ui/components/listeners/RamExpendableListener.class
ca/mcgill/sel/ram/ui/utils/autolayout/DefaultNodeExtentProvider.class
ca/mcgill/sel/ram/ui/views/structural/handler/impl/OperationViewHandler$2.class
ca/mcgill/sel/ram/ui/components/navigationbar/NavigationBarSection$7.class
ca/mcgill/sel/ram/ui/views/message/MessageViewView.class
ca/mcgill/sel/ram/ui/examples/SelectorExample.class
ca/mcgill/sel/ram/ui/components/RamImageComponent.class
ca/mcgill/sel/ram/ui/components/navigationbar/NavigationBar$9.class
ca/mcgill/sel/ram/ui/views/message/handler/impl/MessageViewHandler$4.class
ca/mcgill/sel/ram/ui/layouts/Layout$HorizontalAlignment.class
ca/mcgill/sel/ram/ui/views/structural/handler/impl/CompositionExtendNameHandler.class
ca/mcgill/sel/ram/ui/scenes/AbstractConcernScene.class
ca/mcgill/sel/ram/ui/views/structural/handler/impl/ClassifierViewHandler.class
ca/mcgill/sel/ram/ui/components/RamExpendableComponent$TitleComponentHandler.class
ca/mcgill/sel/ram/ui/views/containers/TracingView$WovenAspectComponent.class
ca/mcgill/sel/ram/ui/layouts/VerticalLayout.class
ca/mcgill/sel/ram/ui/views/containers/COREFeatureContainer$1.class
ca/mcgill/sel/ram/ui/views/impact/handler/impl/ImpactEditDiagramHandler$1.class
ca/mcgill/sel/ram/ui/views/structural/handler/impl/OperationMappingToElementHandler$2.class
ca/mcgill/sel/ram/ui/views/OptionSelectorView$InternalNamer.class
ca/mcgill/sel/ram/ui/examples/GridExample$1.class
ca/mcgill/sel/ram/ui/events/DelayedDrag.class
ca/mcgill/sel/ram/ui/views/feature/handler/impl/ReuseEditModeHandler.class
ca/mcgill/sel/ram/ui/views/handler/IAbstractViewHandler.class
ca/mcgill/sel/ram/ui/examples/ExpendableExample$1.class
ca/mcgill/sel/ram/ui/views/message/LifelineView$Spacer.class
ca/mcgill/sel/ram/ui/views/message/handler/IMessageViewHandler.class
ca/mcgill/sel/ram/ui/views/feature/helpers/Constraint$ConstraintType.class
ca/mcgill/sel/ram/ui/views/RelationshipView$LineStyle.class
ca/mcgill/sel/ram/ui/views/structural/handler/impl/AspectExtensionsContainerViewHandler.class
ca/mcgill/sel/ram/ui/views/structural/handler/impl/ImplementationClassNameHandler.class
ca/mcgill/sel/ram/ui/components/browser/interfaces/RamFileBrowserListener.class
ca/mcgill/sel/ram/ui/components/navigationbar/NavigationBarSection$5.class
ca/mcgill/sel/ram/ui/views/feature/FeatureView$SelectionStatus.class
ca/mcgill/sel/ram/ui/components/listeners/AbstractDefaultRamSelectorListener.class
ca/mcgill/sel/ram/ui/views/message/handler/impl/MessageViewHandler.class
ca/mcgill/sel/ram/ui/views/structural/handler/impl/AttributeMappingToElementHandler$2.class
ca/mcgill/sel/ram/ui/events/Axis.class
ca/mcgill/sel/ram/ui/components/navigationbar/NavigationBarSection$6.class
ca/mcgill/sel/ram/ui/components/navigationbar/NavigationBarMenuElement$InternalStateChangeListener.class
ca/mcgill/sel/ram/ui/views/message/LifelineView$OperandView.class
ca/mcgill/sel/ram/ui/events/DelayedDrag$1.class
ca/mcgill/sel/ram/ui/components/RamEMFSelectorComponent.class
ca/mcgill/sel/ram/ui/views/structural/handler/impl/OperationVisibilityViewHandler.class
ca/mcgill/sel/ram/ui/utils/ResourceUtils$1.class
ca/mcgill/sel/ram/ui/utils/MathUtils.class
ca/mcgill/sel/ram/ui/views/impact/FeatureImpactNodeTitleView.class
ca/mcgill/sel/ram/ui/views/message/handler/impl/ReferenceAndValueHandler$2.class
ca/mcgill/sel/ram/ui/components/navigationbar/NavigationBar$18.class
ca/mcgill/sel/ram/ui/layouts/Layout$LayoutUpdatePhase.class
ca/mcgill/sel/ram/ui/views/structural/ParameterView.class
ca/mcgill/sel/ram/ui/examples/ImageExample$ImageExampleScene.class
ca/mcgill/sel/ram/ui/views/impact/ImpactDiagramView$1.class
ca/mcgill/sel/ram/ui/views/structural/handler/impl/ImplementationClassViewHandler$5.class
ca/mcgill/sel/ram/ui/scenes/handler/impl/DisplayAspectSceneHandler$1.class
ca/mcgill/sel/ram/ui/views/message/handler/impl/CombinedFragmentHandler.class
ca/mcgill/sel/ram/ui/views/RamEnd$2.class
ca/mcgill/sel/ram/ui/views/impact/ReuseGoalSelectorView$InternalReuseGoalNamer.class
ca/mcgill/sel/ram/ui/views/feature/handler/impl/ReuseEditModeHandler$2.class
ca/mcgill/sel/ram/ui/views/state/handler/impl/StateViewViewHandler.class
ca/mcgill/sel/ram/ui/views/containers/ValidationView$InternalSortingByErrorHandler.class
ca/mcgill/sel/ram/ui/components/listeners/AbstractDefaultListListener.class
ca/mcgill/sel/ram/ui/components/navigationbar/NavigationBar$13.class
ca/mcgill/sel/ram/ui/views/structural/CompositionTitleView.class
ca/mcgill/sel/ram/ui/views/state/TransitionView.class
ca/mcgill/sel/ram/ui/components/browser/RamFileBrowser$6.class
ca/mcgill/sel/ram/ui/scenes/handler/impl/DisplayAspectSceneHandler$SaveConfirmListener.class
ca/mcgill/sel/ram/ui/utils/validation/ValidationManager$AspectValidationThreadState.class
ca/mcgill/sel/ram/ui/views/RelationshipView$InternalHandler.class
ca/mcgill/sel/ram/ui/components/RamListComponent$InternalScrollableListHandler.class
ca/mcgill/sel/ram/ui/views/structural/handler/IMappingContainerViewHandler.class
ca/mcgill/sel/ram/ui/views/structural/handler/impl/OperationViewHandler$3.class
ca/mcgill/sel/ram/ui/views/impact/handler/impl/FeatureImpactViewEditHandler$1.class
ca/mcgill/sel/ram/ui/views/message/MessageViewView$GateView.class
ca/mcgill/sel/ram/ui/views/structural/AttributeView.class
ca/mcgill/sel/ram/ui/views/handler/IRelationshipViewHandler.class
ca/mcgill/sel/ram/ui/scenes/DisplayConcernEditScene.class
ca/mcgill/sel/ram/ui/components/navigationbar/NavigationBarMenuElement$2.class
ca/mcgill/sel/ram/ui/views/structural/handler/impl/AssociationFeatureSelectionHandler.class
ca/mcgill/sel/ram/ui/views/handler/DefaultAbstractViewHandler.class
ca/mcgill/sel/ram/ui/utils/ImpactModelUtil.class
ca/mcgill/sel/ram/ui/views/AbstractView.class
ca/mcgill/sel/ram/ui/components/navigationbar/NavigationBar$26.class
ca/mcgill/sel/ram/ui/views/feature/handler/impl/FeatureDiagramEditHandler$ConstraintOptions.class
ca/mcgill/sel/ram/ui/layouts/Layout.class
ca/mcgill/sel/ram/ui/TouchCORE.class
ca/mcgill/sel/ram/ui/views/feature/FeatureDiagramView$DisplayOptions.class
ca/mcgill/sel/ram/ui/views/RamEnd.class
ca/mcgill/sel/ram/ui/views/structural/handler/impl/AssociationRoleNameHandler$AssociationRoleFeatures.class
ca/mcgill/sel/ram/ui/components/RamKeyboard$RamKeyboardStyle.class
ca/mcgill/sel/ram/ui/examples/EMFListExample$1.class
ca/mcgill/sel/ram/ui/components/RamLineComponent.class
ca/mcgill/sel/ram/ui/views/structural/wrappers/ConstructorWrapper.class
ca/mcgill/sel/ram/ui/components/RamButton$ButtonHandler.class
ca/mcgill/sel/ram/ui/views/SelectorView$InternalNamer.class
ca/mcgill/sel/ram/ui/components/menu/RamSubMenu.class
ca/mcgill/sel/ram/ui/views/structural/handler/IStructuralViewHandler.class
ca/mcgill/sel/ram/ui/utils/WeaverRunner$4.class
ca/mcgill/sel/ram/ui/components/browser/RamFileBrowser$1.class
ca/mcgill/sel/ram/ui/views/SelectorView$1.class
ca/mcgill/sel/ram/ui/views/message/handler/impl/InteractionConstraintHandler.class
ca/mcgill/sel/ram/ui/components/navigationbar/NavigationBar$4.class
ca/mcgill/sel/ram/ui/views/containers/COREConstraintContainer$1.class
ca/mcgill/sel/ram/ui/views/structural/handler/IImplementationClassNameHandler.class
ca/mcgill/sel/ram/ui/views/feature/handler/impl/FeatureEditModeHandler$1.class
ca/mcgill/sel/ram/ui/examples/TextTest$1.class
ca/mcgill/sel/ram/ui/views/message/handler/impl/MessageViewHandler$1.class
ca/mcgill/sel/ram/ui/components/navigationbar/NavigationBar$21.class
ca/mcgill/sel/ram/ui/events/WheelEvent.class
ca/mcgill/sel/ram/ui/examples/PopupExample$1.class
ca/mcgill/sel/ram/ui/examples/AnimationExample$AnimationExampleScene.class
ca/mcgill/sel/ram/ui/components/RamScrollComponent.class
ca/mcgill/sel/ram/ui/views/message/handler/impl/InteractionConstraintHandler$1.class
ca/mcgill/sel/ram/ui/views/impact/handler/impl/FeatureImpactViewEditHandler.class
ca/mcgill/sel/ram/ui/components/RamSelectorComponent$2.class
ca/mcgill/sel/ram/ui/components/RamTextComponent$Alignment.class
ca/mcgill/sel/ram/ui/events/listeners/IUnistrokeListener.class
ca/mcgill/sel/ram/ui/views/impact/handler/impl/WeightedLinkEditHandler$1.class
ca/mcgill/sel/ram/ui/views/message/LifelineView$1.class
ca/mcgill/sel/ram/ui/views/structural/handler/ICompositionNameHandler.class
ca/mcgill/sel/ram/ui/examples/ExpendableExample$ExpendableExampleScene.class
ca/mcgill/sel/ram/ui/utils/Colors.class
ca/mcgill/sel/ram/ui/utils/UnistrokeProcessorUtils.class
ca/mcgill/sel/ram/ui/views/feature/handler/impl/FeatureRelationShipHandler.class
ca/mcgill/sel/ram/ui/views/message/LifelineView$PlaceholderView$AdaptiveLayout.class
ca/mcgill/sel/ram/ui/views/structural/handler/impl/TypeParameterNameHandler$1.class
ca/mcgill/sel/ram/ui/views/message/MessageCallView$DelegationHandler.class
ca/mcgill/sel/ram/ui/views/containers/COREImpactConcernEditContainer.class
ca/mcgill/sel/ram/ui/views/structural/ImplementationClassSelectorView$1.class
ca/mcgill/sel/ram/ui/views/structural/handler/impl/CompositionSplitViewHandler$SelectedElementType.class
ca/mcgill/sel/ram/ui/scenes/handler/impl/ConcernEditSceneHandler.class
ca/mcgill/sel/ram/ui/views/structural/handler/IEnumLiteralViewHandler.class
ca/mcgill/sel/ram/ui/examples/TextTest.class
ca/mcgill/sel/ram/ui/components/RamTextFieldComponent.class
ca/mcgill/sel/ram/ui/components/RamTextFieldComponent$TapHandler.class
ca/mcgill/sel/ram/ui/scenes/handler/impl/DisplayAspectSceneHandler$SaveConfirmListenerConcern.class
ca/mcgill/sel/ram/ui/views/containers/COREConstraintSelectContainer.class
ca/mcgill/sel/ram/ui/scenes/handler/impl/DisplayAspectSceneHandler.class
ca/mcgill/sel/ram/ui/views/structural/handler/impl/CompositionExtendNameHandler$1.class
ca/mcgill/sel/ram/ui/views/structural/handler/impl/StructuralViewHandler$4.class
ca/mcgill/sel/ram/ui/views/handler/impl/TextViewHandler$1.class
ca/mcgill/sel/ram/ui/components/navigationbar/NavigationBar$5.class
ca/mcgill/sel/ram/ui/views/structural/handler/IAttributeNameHandler.class
ca/mcgill/sel/ram/ui/components/RamPanelComponent$HorizontalStick.class
ca/mcgill/sel/ram/ui/views/message/handler/impl/CombinedFragmentHandler$2.class
ca/mcgill/sel/ram/ui/views/structural/handler/impl/EnumViewHandler.class
ca/mcgill/sel/ram/ui/utils/RamModelUtils$2.class
ca/mcgill/sel/ram/ui/utils/BasicActionsUtils.class
ca/mcgill/sel/ram/ui/components/browser/RamFileBrowser$FooterLayout.class
ca/mcgill/sel/ram/ui/components/ContainerComponent.class
ca/mcgill/sel/ram/ui/RamApp$DisplayMode.class
ca/mcgill/sel/ram/ui/components/RamPopup.class
ca/mcgill/sel/ram/ui/views/state/handler/IStateViewHandler.class
ca/mcgill/sel/ram/ui/components/listeners/DefaultRamKeyboardListener.class
ca/mcgill/sel/ram/ui/RamApp$7.class
ca/mcgill/sel/ram/ui/views/structural/CompositionSplitEditingView.class
ca/mcgill/sel/ram/ui/components/navigationbar/NavigationBar$35.class
ca/mcgill/sel/ram/ui/utils/WeaverRunner$WeaveMode.class
ca/mcgill/sel/ram/ui/components/RamRectangleComponent$1.class
ca/mcgill/sel/ram/ui/components/browser/RamFileBrowser$2.class
ca/mcgill/sel/ram/ui/views/structural/StructuralDiagramView.class
ca/mcgill/sel/ram/ui/examples/AnimationExample.class
ca/mcgill/sel/ram/ui/components/browser/ConcernCreatorBrowser$2.class
ca/mcgill/sel/ram/ui/views/message/handler/impl/ReferenceAndValueHandler$InternalNamer.class
ca/mcgill/sel/ram/ui/events/LockedAxisInertiaDrag.class
ca/mcgill/sel/ram/ui/views/containers/ValidationView$InternalValidationErrorNamer.class
ca/mcgill/sel/ram/ui/views/containers/ValidationView$InternalQuickfixSelector.class
ca/mcgill/sel/ram/ui/RamApp$1.class
ca/mcgill/sel/ram/ui/views/structural/handler/impl/EnumLiteralViewHandler.class
ca/mcgill/sel/ram/ui/utils/WeaverRunner$5.class
ca/mcgill/sel/ram/ui/examples/AnimationExample$AnimationExampleScene$1$3.class
ca/mcgill/sel/ram/ui/RamApp.class
ca/mcgill/sel/ram/ui/views/structural/AssociationView$1.class
ca/mcgill/sel/ram/ui/views/state/handler/impl/StateComponentViewHandler$1.class
ca/mcgill/sel/ram/ui/components/navigationbar/NavigationBar$30.class
ca/mcgill/sel/ram/ui/views/structural/BaseView.class
ca/mcgill/sel/ram/ui/views/feature/handler/IChangeLinkHandler.class
ca/mcgill/sel/ram/ui/views/structural/handler/ICompositionPanelHandler.class
ca/mcgill/sel/ram/ui/views/state/handler/impl/StateMachineViewHandler.class
ca/mcgill/sel/ram/ui/RamApp$2.class
ca/mcgill/sel/ram/ui/utils/validation/ValidationManager$AspectValidationThread.class
ca/mcgill/sel/ram/ui/views/structural/MappingSelectorView$IMappingSelectorHandler.class
ca/mcgill/sel/ram/ui/components/RamButton$1.class
ca/mcgill/sel/ram/ui/scenes/handler/impl/SelectSceneHandler$3.class
ca/mcgill/sel/ram/ui/layouts/HorizontalWraparoundLayout.class
ca/mcgill/sel/ram/ui/views/feature/helpers/SelectionFeature.class
ca/mcgill/sel/ram/ui/views/containers/COREImpactContainer$ImpactSelectorListener.class
ca/mcgill/sel/ram/ui/views/message/handler/impl/ExecutionStatementHandler$2.class
ca/mcgill/sel/ram/ui/components/RamScrollComponent$DragHandler.class
ca/mcgill/sel/ram/ui/components/browser/AspectFileBrowser$2.class
ca/mcgill/sel/ram/ui/scenes/DisplayConcernEditScene$1.class
ca/mcgill/sel/ram/ui/views/containers/COREConstraintContainer$ConstraintNamer.class
ca/mcgill/sel/ram/ui/views/structural/handler/impl/ClassViewHandler$1.class
ca/mcgill/sel/ram/ui/examples/PopupExample.class
ca/mcgill/sel/ram/ui/views/structural/ImplementationClassView.class
ca/mcgill/sel/ram/ui/views/structural/OperationMappingView.class
ca/mcgill/sel/ram/ui/components/RamPanelComponent$1.class
ca/mcgill/sel/ram/ui/events/listeners/ITapListener.class
ca/mcgill/sel/ram/ui/views/structural/EnumMappingView.class
ca/mcgill/sel/ram/ui/views/structural/handler/IEnumLiteralNameHandler.class
ca/mcgill/sel/ram/ui/views/feature/FeatureDiagramView$1.class
ca/mcgill/sel/ram/ui/views/state/handler/impl/StateComponentViewHandler$2.class
ca/mcgill/sel/ram/ui/examples/AnimationExample$AnimationExampleScene$1$2.class
ca/mcgill/sel/ram/ui/views/message/handler/impl/ExecutionStatementHandler$1.class
ca/mcgill/sel/ram/ui/views/handler/impl/TextViewHandler.class
ca/mcgill/sel/ram/ui/views/message/helpers/CompositeInteraction.class
ca/mcgill/sel/ram/ui/components/RamListComponent$Filter.class
ca/mcgill/sel/ram/ui/components/navigationbar/NavigationBar$27.class
ca/mcgill/sel/ram/ui/scenes/DisplayImpactModelSelectScene.class
ca/mcgill/sel/ram/ui/views/containers/COREImpactContainer$1.class
ca/mcgill/sel/ram/ui/views/containers/TracingView$InternalWovenAspectNamer.class
ca/mcgill/sel/ram/ui/views/feature/FeatureView.class
ca/mcgill/sel/ram/ui/views/containers/COREFeatureContainer$FeatureSelectorListener.class
ca/mcgill/sel/ram/ui/examples/ListExample$ListExampleScene$1.class
ca/mcgill/sel/ram/ui/views/structural/handler/IAttributeViewHandler.class
ca/mcgill/sel/ram/ui/views/message/helpers/CompositeInteraction$1.class
ca/mcgill/sel/ram/ui/views/structural/handler/IClassNameHandler.class
ca/mcgill/sel/ram/ui/views/structural/CompositionsPanel$CustomAnimListener.class
ca/mcgill/sel/ram/ui/utils/GraphicalUpdater.class
ca/mcgill/sel/ram/ui/views/containers/COREImpactModelContainer.class
ca/mcgill/sel/ram/ui/components/RamPanelComponent$VerticalStick.class
ca/mcgill/sel/ram/ui/views/containers/ValidationView$ValidatorViewLayout.class
ca/mcgill/sel/ram/ui/events/listeners/ActionListener.class
ca/mcgill/sel/ram/ui/views/structural/handler/impl/AttributeViewHandler.class
ca/mcgill/sel/ram/ui/views/impact/handler/impl/GoalImpactViewEditHandler$2.class
ca/mcgill/sel/ram/ui/views/message/handler/impl/AssignToHandler$2.class
ca/mcgill/sel/ram/ui/views/message/handler/impl/InteractionConstraintHandler$5.class
ca/mcgill/sel/ram/ui/views/structural/handler/impl/CompositionSplitViewHandler$Selection.class
ca/mcgill/sel/ram/ui/views/structural/handler/impl/ParameterViewHandler.class
ca/mcgill/sel/ram/ui/components/navigationbar/NavigationBar$34.class
ca/mcgill/sel/ram/ui/views/structural/handler/impl/AssociationMultiplicityHandler.class
ca/mcgill/sel/ram/ui/components/browser/JarFileBrowser.class
ca/mcgill/sel/ram/ui/views/feature/handler/impl/FeatureEditModeHandler$ModelSelectorListener.class
ca/mcgill/sel/ram/ui/views/message/handler/impl/LifelineViewHandler.class
ca/mcgill/sel/ram/ui/views/structural/handler/impl/StructuralViewHandler$CreateFeature.class
ca/mcgill/sel/ram/ui/scenes/handler/IConcernSelectSceneHandler.class
ca/mcgill/sel/ram/ui/views/impact/ContributionView$TextViewContainer.class
ca/mcgill/sel/ram/ui/views/RelationshipView$ArrowPolygon.class
ca/mcgill/sel/ram/ui/views/message/handler/impl/ReferenceAndValueHandler$1.class
ca/mcgill/sel/ram/ui/examples/EMFListExample$ListExampleScene$1.class
ca/mcgill/sel/ram/ui/examples/SelectorExample$SelectorExampleScene.class
ca/mcgill/sel/ram/ui/utils/GraphicalUpdaterListener.class
ca/mcgill/sel/ram/ui/views/impact/handler/impl/GoalImpactViewEditHandler$1.class
ca/mcgill/sel/ram/ui/RamApp$6.class
ca/mcgill/sel/ram/ui/views/structural/ImplementationClassSelectorView.class
ca/mcgill/sel/ram/ui/components/RamKeyboard$1.class
ca/mcgill/sel/ram/ui/views/IRelationshipEndView.class
ca/mcgill/sel/ram/ui/components/RamButton.class
ca/mcgill/sel/ram/ui/views/structural/handler/impl/CompositionSplitViewHandler.class
ca/mcgill/sel/ram/ui/views/handler/impl/AbstractViewHandler.class
ca/mcgill/sel/ram/ui/views/feature/handler/impl/FeatureEditModeHandler$CreateFeature.class
ca/mcgill/sel/ram/ui/components/navigationbar/NavigationBar$12.class
ca/mcgill/sel/ram/ui/views/structural/handler/impl/BaseViewHandler.class
ca/mcgill/sel/ram/ui/views/message/handler/impl/ExecutionStatementHandler$FragmentOptions.class
ca/mcgill/sel/ram/ui/views/containers/COREFeatureModelLegendPanel.class
ca/mcgill/sel/ram/ui/components/navigationbar/NavigationBarMenuElement$1.class
ca/mcgill/sel/ram/ui/layouts/Layout$VerticalAlignment.class
ca/mcgill/sel/ram/ui/components/navigationbar/SlideUpDownTransition.class
ca/mcgill/sel/ram/ui/views/feature/FeatureDiagramSelectView.class
ca/mcgill/sel/ram/ui/views/handler/IDisplaySceneHandler.class
ca/mcgill/sel/ram/ui/scenes/DisplayAspectScene.class
ca/mcgill/sel/ram/ui/views/structural/EnumMappingContainerView.class
ca/mcgill/sel/ram/ui/views/structural/handler/impl/ImplementationClassViewHandler$4.class
ca/mcgill/sel/ram/ui/examples/RegexTest.class
ca/mcgill/sel/ram/ui/views/impact/ContributionView.class
ca/mcgill/sel/ram/ui/views/message/LifelineView$MessageEndView.class
ca/mcgill/sel/ram/ui/components/RamKeyboard$ShiftState.class
ca/mcgill/sel/ram/ui/components/navigationbar/NavigationBar$34$1.class
ca/mcgill/sel/ram/ui/views/message/handler/impl/ReferenceAndValueHandler$3.class
ca/mcgill/sel/ram/ui/views/structural/handler/impl/BaseViewHandler$1.class
ca/mcgill/sel/ram/ui/layouts/HorizontalLayoutHorizontallyCentered.class
ca/mcgill/sel/ram/ui/views/structural/handler/IAssociationRoleNameHandler.class
ca/mcgill/sel/ram/ui/components/RamKeyboard$Key.class
ca/mcgill/sel/ram/ui/views/message/handler/impl/MessageViewHandler$FragmentOptions.class
ca/mcgill/sel/ram/ui/views/message/helpers/CompositeInteraction$Node.class
ca/mcgill/sel/ram/ui/views/message/handler/impl/AssignmentStatementHandler.class
ca/mcgill/sel/ram/ui/examples/ListExample.class
ca/mcgill/sel/ram/ui/views/RelationshipView$1.class
ca/mcgill/sel/ram/ui/scenes/handler/impl/DisplayAspectSceneHandler$SaveConfirmListenerAspect.class
ca/mcgill/sel/ram/ui/views/structural/handler/impl/OperationViewHandler$AspectMessageViewSelector.class
ca/mcgill/sel/ram/ui/views/RelationshipView$InvisibleRamEndBox.class
ca/mcgill/sel/ram/ui/views/feature/handler/impl/FeatureEditModeHandler$2.class
ca/mcgill/sel/ram/ui/components/navigationbar/NavigationBar$31.class
ca/mcgill/sel/ram/ui/scenes/handler/impl/DisplayAspectSceneHandler$2.class
ca/mcgill/sel/ram/ui/components/RamTextComponent$1.class
ca/mcgill/sel/ram/ui/components/browser/RamFileBrowser$FileItem.class
ca/mcgill/sel/ram/ui/views/message/CombinedFragmentView.class
ca/mcgill/sel/ram/ui/components/navigationbar/NavigationBar.class
ca/mcgill/sel/ram/ui/components/navigationbar/NavigationBarMenuElement$3.class
ca/mcgill/sel/ram/ui/views/structural/handler/impl/StructuralViewHandler$3.class
ca/mcgill/sel/ram/ui/views/feature/handler/impl/FeatureDiagramEditHandler.class
ca/mcgill/sel/ram/ui/examples/ListExample$1.class
ca/mcgill/sel/ram/ui/components/RamTextFieldComponent$1.class
ca/mcgill/sel/ram/ui/views/feature/handler/IFeatureHandler.class
ca/mcgill/sel/ram/ui/views/feature/FeatureDiagramView.class
ca/mcgill/sel/ram/ui/views/impact/handler/impl/FeatureImpactViewEditHandler$FeatureImpactOption.class
ca/mcgill/sel/ram/ui/views/containers/COREFeatureModelLegendPanel$1.class
ca/mcgill/sel/ram/ui/views/structural/InheritanceView.class
ca/mcgill/sel/ram/ui/components/menu/RamSubMenu$RamSubMenuHandler.class
ca/mcgill/sel/ram/ui/utils/GraphicalUpdater$HighlightEvent.class
ca/mcgill/sel/ram/ui/views/structural/handler/impl/AssociationRoleNameHandler.class
ca/mcgill/sel/ram/ui/scenes/handler/ISelectSceneHandler.class
ca/mcgill/sel/ram/ui/views/impact/ReuseGoalSelectorView.class
ca/mcgill/sel/ram/ui/components/navigationbar/NavigationBar$19.class
ca/mcgill/sel/ram/ui/components/RamKeyboard.class
ca/mcgill/sel/ram/ui/scenes/handler/IRamAbstractSceneHandler.class
ca/mcgill/sel/ram/ui/scenes/handler/impl/DisplayAspectSceneHandler$GenerateSelectorListener.class
ca/mcgill/sel/ram/ui/views/handler/impl/ValidatingTextViewHandler.class
ca/mcgill/sel/ram/ui/views/OptionSelectorView$1.class
ca/mcgill/sel/ram/ui/views/structural/AttributeMappingView.class
ca/mcgill/sel/ram/ui/views/AbstractView$1.class
ca/mcgill/sel/ram/ui/views/feature/helpers/Constraint.class
ca/mcgill/sel/ram/ui/components/navigationbar/NavigationBarMenuElement$4$1.class
ca/mcgill/sel/ram/ui/views/structural/handler/impl/StructuralViewHandler$5.class
ca/mcgill/sel/ram/ui/layouts/HorizontalLayoutAllCentered.class
ca/mcgill/sel/ram/ui/views/structural/EnumLiteralView.class
ca/mcgill/sel/ram/ui/views/message/handler/impl/InteractionConstraintHandler$OperandOptions.class
ca/mcgill/sel/ram/ui/components/RamExpendableComponent.class
ca/mcgill/sel/ram/ui/views/message/handler/impl/AssignmentAssignToHandler.class
ca/mcgill/sel/ram/ui/views/structural/handler/impl/InheritanceViewHandler$InheritanceOptions.class
ca/mcgill/sel/ram/ui/views/state/handler/impl/TransitionViewHandler$TransitionOptions.class
ca/mcgill/sel/ram/ui/views/structural/handler/impl/TypeParameterNameHandler.class
ca/mcgill/sel/ram/ui/components/navigationbar/NavigationBar$17.class
ca/mcgill/sel/ram/ui/events/RightClickDragProcessor.class
ca/mcgill/sel/ram/ui/views/structural/handler/impl/ImplementationClassViewHandler$1.class
ca/mcgill/sel/ram/ui/views/structural/handler/impl/AssociationViewHandler.class
ca/mcgill/sel/ram/ui/views/impact/handler/impl/WeightedLinkEditHandler.class
ca/mcgill/sel/ram/ui/views/message/MessageCallView.class
ca/mcgill/sel/ram/ui/views/impact/handler/impl/ContributionViewHandler.class
ca/mcgill/sel/ram/ui/views/structural/handler/impl/StructuralViewHandler$7.class
ca/mcgill/sel/ram/ui/scenes/RamAbstractScene.class
ca/mcgill/sel/ram/ui/scenes/handler/IConcernEditSceneHandler.class
ca/mcgill/sel/ram/ui/views/message/handler/impl/ValueSpecificationHandler.class
ca/mcgill/sel/ram/ui/views/message/AssignmentStatementView.class
ca/mcgill/sel/ram/ui/scenes/handler/impl/DisplayAspectSceneHandler$GenerateOptions.class
ca/mcgill/sel/ram/ui/views/impact/WeightedLinkLineView.class
ca/mcgill/sel/ram/ui/components/navigationbar/NavigationBar$15.class
ca/mcgill/sel/ram/ui/utils/WeaverRunner.class
ca/mcgill/sel/ram/ui/views/structural/CompositionContainerView.class
ca/mcgill/sel/ram/ui/views/feature/helpers/SelectionFeature$FeatureSelectionStatus.class
ca/mcgill/sel/ram/ui/views/impact/handler/impl/FeatureImpactViewEditHandler$3.class
ca/mcgill/sel/ram/ui/components/RamListComponent$1.class
ca/mcgill/sel/ram/ui/views/state/StateViewView.class
ca/mcgill/sel/ram/ui/views/feature/FeatureView$1.class
ca/mcgill/sel/ram/ui/views/state/StateMachineView$1.class
ca/mcgill/sel/ram/ui/views/structural/handler/IClassifierViewHandler.class
ca/mcgill/sel/ram/ui/components/RamPanelListComponent.class
ca/mcgill/sel/ram/ui/views/message/handler/impl/ExecutionStatementHandler.class
ca/mcgill/sel/ram/ui/utils/LoggerUtils.class
ca/mcgill/sel/ram/ui/components/browser/RamFileBrowser$OtherSelectorOption.class
ca/mcgill/sel/ram/ui/scenes/DisplayConcernSelectScene$DisplayMode.class
ca/mcgill/sel/ram/ui/views/state/StateComponentView.class
ca/mcgill/sel/ram/ui/components/navigationbar/NavigationBar$BackMenuHandler$1.class
ca/mcgill/sel/ram/ui/views/message/LifelineView$Spacer$1.class
ca/mcgill/sel/ram/ui/views/state/handler/impl/StateComponentViewHandler$StateOptions.class
ca/mcgill/sel/ram/ui/views/impact/handler/impl/FeatureImpactViewEditHandler$2.class
ca/mcgill/sel/ram/ui/components/navigationbar/SlideUpDownTransition$1.class
ca/mcgill/sel/ram/ui/components/RamKeyboard$SymbolsState.class
ca/mcgill/sel/ram/ui/views/structural/handler/impl/InheritanceViewHandler$1.class
ca/mcgill/sel/ram/ui/components/browser/AspectFileBrowser.class
ca/mcgill/sel/ram/ui/scenes/DisplayImpactModelEditScene.class
ca/mcgill/sel/ram/ui/views/message/MessageViewView$1.class
ca/mcgill/sel/ram/ui/components/navigationbar/NavigationBar$14.class
ca/mcgill/sel/ram/ui/views/structural/handler/impl/StructuralViewHandler$8.class
ca/mcgill/sel/ram/ui/events/MouseWheelProcessor.class
ca/mcgill/sel/ram/ui/views/containers/COREImpactConcernEditContainer$InternalNamer.class
ca/mcgill/sel/ram/ui/views/impact/namer/ImpactModelElementNamer.class
ca/mcgill/sel/ram/ui/examples/GridExample$GridExampleScene.class
ca/mcgill/sel/ram/ui/components/RamScrollComponent$1.class
ca/mcgill/sel/ram/ui/components/menu/RamMenuToggleAction.class
ca/mcgill/sel/ram/ui/components/navigationbar/NavigationBarMenuElement.class
ca/mcgill/sel/ram/ui/views/state/handler/IStateComponentViewHandler.class
ca/mcgill/sel/ram/ui/components/browser/JarFileBrowser$1.class
ca/mcgill/sel/ram/ui/views/impact/handler/impl/ImpactEditDiagramHandler$Values.class
ca/mcgill/sel/ram/ui/views/structural/handler/ITypeParameterNameHandler.class
ca/mcgill/sel/ram/ui/components/navigationbar/SlideUpDownTransition$2.class
ca/mcgill/sel/ram/ui/views/feature/handler/impl/FeatureEditModeHandler$4.class
ca/mcgill/sel/ram/ui/scenes/DisplayConcernSelectScene.class
ca/mcgill/sel/ram/ui/components/RamKeyboard$KeyType.class
ca/mcgill/sel/ram/ui/views/structural/handler/impl/AspectExtensionsContainerViewHandler$2.class
ca/mcgill/sel/ram/ui/views/structural/handler/impl/StructuralViewHandler$CreateRelationship.class
ca/mcgill/sel/ram/ui/views/structural/handler/impl/MappingContainerViewHandler.class
ca/mcgill/sel/ram/ui/components/RamSpacerComponent.class
ca/mcgill/sel/ram/ui/views/containers/COREImpactContainer$InternalImpactModelElementNamer.class
ca/mcgill/sel/ram/ui/examples/TextTest$TextScene.class
ca/mcgill/sel/ram/ui/views/structural/handler/impl/AssociationFeatureSelectionHandler$1.class
ca/mcgill/sel/ram/ui/scenes/handler/impl/SelectSceneHandler.class
ca/mcgill/sel/ram/ui/examples/GridExample.class
ca/mcgill/sel/ram/ui/views/structural/wrappers/MethodWrapper.class
ca/mcgill/sel/ram/ui/utils/SelectionsSingleton.class
ca/mcgill/sel/ram/ui/components/navigationbar/NavigationBar$32$1.class
ca/mcgill/sel/ram/ui/views/structural/handler/impl/InheritanceViewHandler$2.class
ca/mcgill/sel/ram/ui/examples/SelectorExample$1.class
ca/mcgill/sel/ram/ui/layouts/StateMachineLayout.class
ca/mcgill/sel/ram/ui/views/feature/handler/impl/FeatureEditModeHandler.class
ca/mcgill/sel/ram/ui/views/structural/handler/impl/AttributeMappingToElementHandler.class
ca/mcgill/sel/ram/ui/views/structural/handler/ICompositionViewHandler.class
ca/mcgill/sel/ram/ui/components/RamExpendableComponent$1.class
ca/mcgill/sel/ram/ui/scenes/SelectAspectScene.class
ca/mcgill/sel/ram/ui/views/message/handler/impl/MessageHandler$MessageOptions.class
ca/mcgill/sel/ram/ui/components/RamEMFListComponent.class
ca/mcgill/sel/ram/ui/views/state/handler/IStateViewViewHandler.class
ca/mcgill/sel/ram/ui/views/impact/ImpactModelElementView.class
ca/mcgill/sel/ram/ui/views/containers/COREImpactModelContainer$1.class
ca/mcgill/sel/ram/ui/components/navigationbar/NavigationBar$10.class
ca/mcgill/sel/ram/ui/views/message/MessageViewView$RemoveFragmentSwitcher.class
ca/mcgill/sel/ram/ui/views/structural/handler/impl/AspectExtensionsContainerViewHandler$1.class
ca/mcgill/sel/ram/ui/components/menu/RamSubMenu$RamSubMenuHandler$1.class
ca/mcgill/sel/ram/ui/components/RamRoundedRectangleComponent.class
ca/mcgill/sel/ram/ui/views/impact/handler/impl/GoalImpactViewEditHandler$GoalOption.class
ca/mcgill/sel/ram/ui/views/structural/handler/impl/AssociationViewHandler$AssociationOptions.class
ca/mcgill/sel/ram/ui/components/navigationbar/NavigationBar$11.class
ca/mcgill/sel/ram/ui/components/browser/interfaces/CoreFileBrowserListener.class
ca/mcgill/sel/ram/ui/components/navigationbar/NavigationBar$32$2.class
ca/mcgill/sel/ram/ui/views/structural/handler/impl/CompositionDefaultNameHandler$1.class
ca/mcgill/sel/ram/ui/RamApp$10.class
ca/mcgill/sel/ram/ui/scenes/DisplayConcernEditScene$1$1.class
ca/mcgill/sel/ram/ui/utils/Fonts.class
