/home/circleci/touchram/ca.mcgill.sel.ram.gui/src/ca/mcgill/sel/ram/ui/components/RamListComponent.java
/home/circleci/touchram/ca.mcgill.sel.ram.gui/src/ca/mcgill/sel/ram/ui/views/structural/wrappers/MethodWrapper.java
/home/circleci/touchram/ca.mcgill.sel.ram.gui/src/ca/mcgill/sel/ram/ui/views/impact/handler/impl/ContributionViewHandler.java
/home/circleci/touchram/ca.mcgill.sel.ram.gui/src/ca/mcgill/sel/ram/ui/examples/PopupExample.java
/home/circleci/touchram/ca.mcgill.sel.ram.gui/src/ca/mcgill/sel/ram/ui/layouts/HorizontalLayoutHorizontallyCentered.java
/home/circleci/touchram/ca.mcgill.sel.ram.gui/src/ca/mcgill/sel/ram/ui/views/structural/handler/impl/TypeParameterNameHandler.java
/home/circleci/touchram/ca.mcgill.sel.ram.gui/src/ca/mcgill/sel/ram/ui/views/structural/handler/ICompositionContainerViewHandler.java
/home/circleci/touchram/ca.mcgill.sel.ram.gui/src/ca/mcgill/sel/ram/ui/scenes/handler/ISelectSceneHandler.java
/home/circleci/touchram/ca.mcgill.sel.ram.gui/src/ca/mcgill/sel/ram/ui/components/RamPopup.java
/home/circleci/touchram/ca.mcgill.sel.ram.gui/src/ca/mcgill/sel/ram/ui/views/structural/CompositionSplitEditingView.java
/home/circleci/touchram/ca.mcgill.sel.ram.gui/src/ca/mcgill/sel/ram/ui/utils/GUIConstants.java
/home/circleci/touchram/ca.mcgill.sel.ram.gui/src/ca/mcgill/sel/ram/ui/views/state/StateComponentView.java
/home/circleci/touchram/ca.mcgill.sel.ram.gui/src/ca/mcgill/sel/ram/ui/views/structural/handler/impl/AspectExtensionsContainerViewHandler.java
/home/circleci/touchram/ca.mcgill.sel.ram.gui/src/ca/mcgill/sel/ram/ui/views/structural/handler/IStructuralViewHandler.java
/home/circleci/touchram/ca.mcgill.sel.ram.gui/src/ca/mcgill/sel/ram/ui/views/feature/handler/IFeatureHandler.java
/home/circleci/touchram/ca.mcgill.sel.ram.gui/src/ca/mcgill/sel/ram/ui/views/impact/handler/HandlerFactoryImpactModel.java
/home/circleci/touchram/ca.mcgill.sel.ram.gui/src/ca/mcgill/sel/ram/ui/components/menu/RamSubMenu.java
/home/circleci/touchram/ca.mcgill.sel.ram.gui/src/ca/mcgill/sel/ram/ui/views/impact/handler/impl/GoalImpactViewEditHandler.java
/home/circleci/touchram/ca.mcgill.sel.ram.gui/src/ca/mcgill/sel/ram/ui/views/structural/handler/impl/OperationVisibilityViewHandler.java
/home/circleci/touchram/ca.mcgill.sel.ram.gui/src/ca/mcgill/sel/ram/ui/views/structural/handler/impl/MappingContainerViewHandler.java
/home/circleci/touchram/ca.mcgill.sel.ram.gui/src/ca/mcgill/sel/ram/ui/utils/MetamodelRegex.java
/home/circleci/touchram/ca.mcgill.sel.ram.gui/src/ca/mcgill/sel/ram/ui/views/containers/COREConstraintSelectContainer.java
/home/circleci/touchram/ca.mcgill.sel.ram.gui/src/ca/mcgill/sel/ram/ui/views/feature/handler/impl/ReuseEditModeHandler.java
/home/circleci/touchram/ca.mcgill.sel.ram.gui/src/ca/mcgill/sel/ram/ui/components/RamEMFListComponent.java
/home/circleci/touchram/ca.mcgill.sel.ram.gui/src/ca/mcgill/sel/ram/ui/views/structural/handler/impl/CompositionsPanelHandler.java
/home/circleci/touchram/ca.mcgill.sel.ram.gui/src/ca/mcgill/sel/ram/ui/views/state/handler/impl/TransitionViewHandler.java
/home/circleci/touchram/ca.mcgill.sel.ram.gui/src/ca/mcgill/sel/ram/ui/utils/BasicActionsUtils.java
/home/circleci/touchram/ca.mcgill.sel.ram.gui/src/ca/mcgill/sel/ram/ui/views/structural/wrappers/CallableMemberWrapper.java
/home/circleci/touchram/ca.mcgill.sel.ram.gui/src/ca/mcgill/sel/ram/ui/views/state/handler/IStateViewViewHandler.java
/home/circleci/touchram/ca.mcgill.sel.ram.gui/src/ca/mcgill/sel/ram/ui/views/state/handler/IStateViewHandler.java
/home/circleci/touchram/ca.mcgill.sel.ram.gui/src/ca/mcgill/sel/ram/ui/views/structural/ImplementationClassSelectorView.java
/home/circleci/touchram/ca.mcgill.sel.ram.gui/src/ca/mcgill/sel/ram/ui/scenes/handler/impl/DisplayAspectSceneHandler.java
/home/circleci/touchram/ca.mcgill.sel.ram.gui/src/ca/mcgill/sel/ram/ui/views/impact/ImpactDiagramView.java
/home/circleci/touchram/ca.mcgill.sel.ram.gui/src/ca/mcgill/sel/ram/ui/views/structural/ClassifierMappingView.java
/home/circleci/touchram/ca.mcgill.sel.ram.gui/src/ca/mcgill/sel/ram/ui/views/state/StateViewView.java
/home/circleci/touchram/ca.mcgill.sel.ram.gui/src/ca/mcgill/sel/ram/ui/views/impact/namer/ImpactModelElementNamer.java
/home/circleci/touchram/ca.mcgill.sel.ram.gui/src/ca/mcgill/sel/ram/ui/views/RamEnd.java
/home/circleci/touchram/ca.mcgill.sel.ram.gui/src/ca/mcgill/sel/ram/ui/components/browser/interfaces/CoreFileBrowserListener.java
/home/circleci/touchram/ca.mcgill.sel.ram.gui/src/ca/mcgill/sel/ram/ui/events/LockedAxisInertiaDrag.java
/home/circleci/touchram/ca.mcgill.sel.ram.gui/src/ca/mcgill/sel/ram/ui/components/menu/RamLinkedMenu.java
/home/circleci/touchram/ca.mcgill.sel.ram.gui/src/ca/mcgill/sel/ram/ui/components/browser/AspectFileBrowser.java
/home/circleci/touchram/ca.mcgill.sel.ram.gui/src/ca/mcgill/sel/ram/ui/scenes/handler/impl/ConcernEditSceneHandler.java
/home/circleci/touchram/ca.mcgill.sel.ram.gui/src/ca/mcgill/sel/ram/ui/views/structural/handler/IClassifierViewHandler.java
/home/circleci/touchram/ca.mcgill.sel.ram.gui/src/ca/mcgill/sel/ram/ui/layouts/HorizontalWraparoundLayout.java
/home/circleci/touchram/ca.mcgill.sel.ram.gui/src/ca/mcgill/sel/ram/ui/events/WheelEvent.java
/home/circleci/touchram/ca.mcgill.sel.ram.gui/src/ca/mcgill/sel/ram/ui/views/handler/impl/AbstractViewHandler.java
/home/circleci/touchram/ca.mcgill.sel.ram.gui/src/ca/mcgill/sel/ram/ui/views/feature/FeatureDiagramSelectView.java
/home/circleci/touchram/ca.mcgill.sel.ram.gui/src/ca/mcgill/sel/ram/ui/utils/Colors.java
/home/circleci/touchram/ca.mcgill.sel.ram.gui/src/ca/mcgill/sel/ram/ui/examples/EMFListExample.java
/home/circleci/touchram/ca.mcgill.sel.ram.gui/src/ca/mcgill/sel/ram/ui/views/structural/handler/impl/ClassifierVisibilityViewHandler.java
/home/circleci/touchram/ca.mcgill.sel.ram.gui/src/ca/mcgill/sel/ram/ui/utils/RamModelUtils.java
/home/circleci/touchram/ca.mcgill.sel.ram.gui/src/ca/mcgill/sel/ram/ui/components/browser/interfaces/IConcernCreatorBrowserListener.java
/home/circleci/touchram/ca.mcgill.sel.ram.gui/src/ca/mcgill/sel/ram/ui/views/impact/namer/ImpactFeatureNamer.java
/home/circleci/touchram/ca.mcgill.sel.ram.gui/src/ca/mcgill/sel/ram/ui/views/structural/handler/IEnumLiteralNameHandler.java
/home/circleci/touchram/ca.mcgill.sel.ram.gui/src/ca/mcgill/sel/ram/ui/scenes/SelectAspectScene.java
/home/circleci/touchram/ca.mcgill.sel.ram.gui/src/ca/mcgill/sel/ram/ui/views/structural/handler/ICompositionViewHandler.java
/home/circleci/touchram/ca.mcgill.sel.ram.gui/src/ca/mcgill/sel/ram/ui/components/browser/JarFileBrowser.java
/home/circleci/touchram/ca.mcgill.sel.ram.gui/src/ca/mcgill/sel/ram/ui/examples/GridExample.java
/home/circleci/touchram/ca.mcgill.sel.ram.gui/src/ca/mcgill/sel/ram/ui/views/message/handler/impl/ValueSpecificationHandler.java
/home/circleci/touchram/ca.mcgill.sel.ram.gui/src/ca/mcgill/sel/ram/ui/views/structural/AttributeView.java
/home/circleci/touchram/ca.mcgill.sel.ram.gui/src/ca/mcgill/sel/ram/ui/views/impact/handler/impl/FeatureImpactViewEditHandler.java
/home/circleci/touchram/ca.mcgill.sel.ram.gui/src/ca/mcgill/sel/ram/ui/views/structural/MappingSelectorView.java
/home/circleci/touchram/ca.mcgill.sel.ram.gui/src/ca/mcgill/sel/ram/ui/components/browser/RamFileBrowser.java
/home/circleci/touchram/ca.mcgill.sel.ram.gui/src/ca/mcgill/sel/ram/ui/views/structural/handler/impl/ClassifierViewHandler.java
/home/circleci/touchram/ca.mcgill.sel.ram.gui/src/ca/mcgill/sel/ram/ui/views/SelectorView.java
/home/circleci/touchram/ca.mcgill.sel.ram.gui/src/ca/mcgill/sel/ram/ui/views/impact/FeatureImpactView.java
/home/circleci/touchram/ca.mcgill.sel.ram.gui/src/ca/mcgill/sel/ram/ui/utils/Icons.java
/home/circleci/touchram/ca.mcgill.sel.ram.gui/src/ca/mcgill/sel/ram/ui/components/RamAnimatedImage.java
/home/circleci/touchram/ca.mcgill.sel.ram.gui/src/ca/mcgill/sel/ram/ui/views/state/handler/impl/StateMachineViewHandler.java
/home/circleci/touchram/ca.mcgill.sel.ram.gui/src/ca/mcgill/sel/ram/ui/views/structural/handler/ITypeParameterNameHandler.java
/home/circleci/touchram/ca.mcgill.sel.ram.gui/src/ca/mcgill/sel/ram/ui/RamApp.java
/home/circleci/touchram/ca.mcgill.sel.ram.gui/src/ca/mcgill/sel/ram/ui/views/impact/handler/impl/FeatureImpactViewHandler.java
/home/circleci/touchram/ca.mcgill.sel.ram.gui/src/ca/mcgill/sel/ram/ui/views/structural/handler/impl/CompositionSplitViewHandler.java
/home/circleci/touchram/ca.mcgill.sel.ram.gui/src/ca/mcgill/sel/ram/ui/views/containers/TracingView.java
/home/circleci/touchram/ca.mcgill.sel.ram.gui/src/ca/mcgill/sel/ram/ui/views/impact/GoalImpactView.java
/home/circleci/touchram/ca.mcgill.sel.ram.gui/src/ca/mcgill/sel/ram/ui/components/menu/RamMenuToggleAction.java
/home/circleci/touchram/ca.mcgill.sel.ram.gui/src/ca/mcgill/sel/ram/ui/layouts/AutomaticLayout.java
/home/circleci/touchram/ca.mcgill.sel.ram.gui/src/ca/mcgill/sel/ram/ui/views/structural/handler/impl/ImplementationClassViewHandler.java
/home/circleci/touchram/ca.mcgill.sel.ram.gui/src/ca/mcgill/sel/ram/ui/scenes/handler/impl/ConcernSelectSceneHandler.java
/home/circleci/touchram/ca.mcgill.sel.ram.gui/src/ca/mcgill/sel/ram/ui/views/structural/handler/impl/ParameterViewHandler.java
/home/circleci/touchram/ca.mcgill.sel.ram.gui/src/ca/mcgill/sel/ram/ui/components/AlignmentLineComponent.java
/home/circleci/touchram/ca.mcgill.sel.ram.gui/src/ca/mcgill/sel/ram/ui/views/structural/handler/IOperationNameHandler.java
/home/circleci/touchram/ca.mcgill.sel.ram.gui/src/ca/mcgill/sel/ram/ui/views/feature/helpers/SelectionFeature.java
/home/circleci/touchram/ca.mcgill.sel.ram.gui/src/ca/mcgill/sel/ram/ui/utils/GraphicalUpdater.java
/home/circleci/touchram/ca.mcgill.sel.ram.gui/src/ca/mcgill/sel/ram/ui/views/structural/handler/IBaseViewHandler.java
/home/circleci/touchram/ca.mcgill.sel.ram.gui/src/ca/mcgill/sel/ram/ui/events/DelayedDrag.java
/home/circleci/touchram/ca.mcgill.sel.ram.gui/src/ca/mcgill/sel/ram/ui/views/state/TransitionView.java
/home/circleci/touchram/ca.mcgill.sel.ram.gui/src/ca/mcgill/sel/ram/ui/utils/ImpactModelUtil.java
/home/circleci/touchram/ca.mcgill.sel.ram.gui/src/ca/mcgill/sel/ram/ui/views/impact/handler/impl/ImpactModelElementViewHandler.java
/home/circleci/touchram/ca.mcgill.sel.ram.gui/src/ca/mcgill/sel/ram/ui/views/structural/handler/IParameterViewHandler.java
/home/circleci/touchram/ca.mcgill.sel.ram.gui/src/ca/mcgill/sel/ram/ui/layouts/GridLayout.java
/home/circleci/touchram/ca.mcgill.sel.ram.gui/src/ca/mcgill/sel/ram/ui/views/message/handler/IAssignToHandler.java
/home/circleci/touchram/ca.mcgill.sel.ram.gui/src/ca/mcgill/sel/ram/ui/views/structural/handler/impl/EnumViewHandler.java
/home/circleci/touchram/ca.mcgill.sel.ram.gui/src/ca/mcgill/sel/ram/ui/views/structural/handler/IAttributeViewHandler.java
/home/circleci/touchram/ca.mcgill.sel.ram.gui/src/ca/mcgill/sel/ram/ui/views/AbstractView.java
/home/circleci/touchram/ca.mcgill.sel.ram.gui/src/ca/mcgill/sel/ram/ui/views/structural/EnumMappingContainerView.java
/home/circleci/touchram/ca.mcgill.sel.ram.gui/src/ca/mcgill/sel/ram/ui/views/feature/handler/impl/FeatureRelationShipHandler.java
/home/circleci/touchram/ca.mcgill.sel.ram.gui/src/ca/mcgill/sel/ram/ui/views/impact/handler/impl/WeightedLinkSelectHandler.java
/home/circleci/touchram/ca.mcgill.sel.ram.gui/src/ca/mcgill/sel/ram/ui/views/message/handler/impl/CombinedFragmentHandler.java
/home/circleci/touchram/ca.mcgill.sel.ram.gui/src/ca/mcgill/sel/ram/ui/views/structural/handler/IEnumNameHandler.java
/home/circleci/touchram/ca.mcgill.sel.ram.gui/src/ca/mcgill/sel/ram/ui/views/structural/EnumLiteralView.java
/home/circleci/touchram/ca.mcgill.sel.ram.gui/src/ca/mcgill/sel/ram/ui/layouts/Layout.java
/home/circleci/touchram/ca.mcgill.sel.ram.gui/src/ca/mcgill/sel/ram/ui/views/structural/handler/IClassNameHandler.java
/home/circleci/touchram/ca.mcgill.sel.ram.gui/src/ca/mcgill/sel/ram/ui/examples/ListExample.java
/home/circleci/touchram/ca.mcgill.sel.ram.gui/src/ca/mcgill/sel/ram/ui/utils/MathUtils.java
/home/circleci/touchram/ca.mcgill.sel.ram.gui/src/ca/mcgill/sel/ram/ui/events/LockedAxisUnistrokeProcessor.java
/home/circleci/touchram/ca.mcgill.sel.ram.gui/src/ca/mcgill/sel/ram/ui/events/MouseWheelProcessor.java
/home/circleci/touchram/ca.mcgill.sel.ram.gui/src/ca/mcgill/sel/ram/ui/components/listeners/RamExpendableListener.java
/home/circleci/touchram/ca.mcgill.sel.ram.gui/src/ca/mcgill/sel/ram/ui/events/listeners/IDragListener.java
/home/circleci/touchram/ca.mcgill.sel.ram.gui/src/ca/mcgill/sel/ram/ui/views/structural/handler/impl/CompositionViewHandler.java
/home/circleci/touchram/ca.mcgill.sel.ram.gui/src/ca/mcgill/sel/ram/ui/views/structural/CompositionView.java
/home/circleci/touchram/ca.mcgill.sel.ram.gui/src/ca/mcgill/sel/ram/ui/views/message/handler/ILifelineViewHandler.java
/home/circleci/touchram/ca.mcgill.sel.ram.gui/src/ca/mcgill/sel/ram/ui/views/impact/ReuseGoalSelectorView.java
/home/circleci/touchram/ca.mcgill.sel.ram.gui/src/ca/mcgill/sel/ram/ui/views/handler/ILinkedMenuListener.java
/home/circleci/touchram/ca.mcgill.sel.ram.gui/src/ca/mcgill/sel/ram/ui/layouts/VerticalLayout.java
/home/circleci/touchram/ca.mcgill.sel.ram.gui/src/ca/mcgill/sel/ram/ui/components/RamPanelListComponent.java
/home/circleci/touchram/ca.mcgill.sel.ram.gui/src/ca/mcgill/sel/ram/ui/views/structural/CompositionContainerView.java
/home/circleci/touchram/ca.mcgill.sel.ram.gui/src/ca/mcgill/sel/ram/ui/views/containers/COREConstraintContainer.java
/home/circleci/touchram/ca.mcgill.sel.ram.gui/src/ca/mcgill/sel/ram/ui/views/message/handler/impl/MessageAssignToHandler.java
/home/circleci/touchram/ca.mcgill.sel.ram.gui/src/ca/mcgill/sel/ram/ui/views/structural/AttributeMappingView.java
/home/circleci/touchram/ca.mcgill.sel.ram.gui/src/ca/mcgill/sel/ram/ui/components/listeners/RamPanelListener.java
/home/circleci/touchram/ca.mcgill.sel.ram.gui/src/ca/mcgill/sel/ram/ui/views/feature/helpers/Constraint.java
/home/circleci/touchram/ca.mcgill.sel.ram.gui/src/ca/mcgill/sel/ram/ui/views/RelationshipView.java
/home/circleci/touchram/ca.mcgill.sel.ram.gui/src/ca/mcgill/sel/ram/ui/scenes/DisplayImpactModelSelectScene.java
/home/circleci/touchram/ca.mcgill.sel.ram.gui/src/ca/mcgill/sel/ram/ui/views/handler/IHandled.java
/home/circleci/touchram/ca.mcgill.sel.ram.gui/src/ca/mcgill/sel/ram/ui/components/RamEMFSelectorComponent.java
/home/circleci/touchram/ca.mcgill.sel.ram.gui/src/ca/mcgill/sel/ram/ui/scenes/AbstractConcernScene.java
/home/circleci/touchram/ca.mcgill.sel.ram.gui/src/ca/mcgill/sel/ram/ui/views/message/handler/impl/AssignmentAssignToHandler.java
/home/circleci/touchram/ca.mcgill.sel.ram.gui/src/ca/mcgill/sel/ram/ui/components/listeners/RamListListener.java
/home/circleci/touchram/ca.mcgill.sel.ram.gui/src/ca/mcgill/sel/ram/ui/utils/validation/ValidationManager.java
/home/circleci/touchram/ca.mcgill.sel.ram.gui/src/ca/mcgill/sel/ram/ui/views/message/helpers/CompositeInteraction.java
/home/circleci/touchram/ca.mcgill.sel.ram.gui/src/ca/mcgill/sel/ram/ui/scenes/DisplayConcernEditScene.java
/home/circleci/touchram/ca.mcgill.sel.ram.gui/src/ca/mcgill/sel/ram/ui/views/structural/handler/impl/InheritanceViewHandler.java
/home/circleci/touchram/ca.mcgill.sel.ram.gui/src/ca/mcgill/sel/ram/ui/components/menu/RamMenu.java
/home/circleci/touchram/ca.mcgill.sel.ram.gui/src/ca/mcgill/sel/ram/ui/views/impact/ImpactModelElementView.java
/home/circleci/touchram/ca.mcgill.sel.ram.gui/src/ca/mcgill/sel/ram/ui/scenes/DisplayConcernSelectScene.java
/home/circleci/touchram/ca.mcgill.sel.ram.gui/src/ca/mcgill/sel/ram/ui/views/containers/COREFeatureContainer.java
/home/circleci/touchram/ca.mcgill.sel.ram.gui/src/ca/mcgill/sel/ram/ui/events/RamKeyboardInputSource.java
/home/circleci/touchram/ca.mcgill.sel.ram.gui/src/ca/mcgill/sel/ram/ui/utils/ResourceUtils.java
/home/circleci/touchram/ca.mcgill.sel.ram.gui/src/ca/mcgill/sel/ram/ui/views/structural/ImplementationClassView.java
/home/circleci/touchram/ca.mcgill.sel.ram.gui/src/ca/mcgill/sel/ram/ui/views/message/CombinedFragmentView.java
/home/circleci/touchram/ca.mcgill.sel.ram.gui/src/ca/mcgill/sel/ram/ui/views/structural/ParameterView.java
/home/circleci/touchram/ca.mcgill.sel.ram.gui/src/ca/mcgill/sel/ram/ui/components/RamSpacerComponent.java
/home/circleci/touchram/ca.mcgill.sel.ram.gui/src/ca/mcgill/sel/ram/ui/views/structural/handler/impl/OperationNameHandler.java
/home/circleci/touchram/ca.mcgill.sel.ram.gui/src/ca/mcgill/sel/ram/ui/views/containers/COREImpactConcernSelectContainer.java
/home/circleci/touchram/ca.mcgill.sel.ram.gui/src/ca/mcgill/sel/ram/ui/scenes/DisplayAspectScene.java
/home/circleci/touchram/ca.mcgill.sel.ram.gui/src/ca/mcgill/sel/ram/ui/components/ConfirmPopup.java
/home/circleci/touchram/ca.mcgill.sel.ram.gui/src/ca/mcgill/sel/ram/ui/utils/LoggerUtils.java
/home/circleci/touchram/ca.mcgill.sel.ram.gui/src/ca/mcgill/sel/ram/ui/components/menu/RamMenuAction.java
/home/circleci/touchram/ca.mcgill.sel.ram.gui/src/ca/mcgill/sel/ram/ui/views/structural/handler/impl/AssociationFeatureSelectionHandler.java
/home/circleci/touchram/ca.mcgill.sel.ram.gui/src/ca/mcgill/sel/ram/ui/components/listeners/RamTextListener.java
/home/circleci/touchram/ca.mcgill.sel.ram.gui/src/ca/mcgill/sel/ram/ui/views/structural/handler/IClassViewHandler.java
/home/circleci/touchram/ca.mcgill.sel.ram.gui/src/ca/mcgill/sel/ram/ui/layouts/HorizontalLayoutRightAligned.java
/home/circleci/touchram/ca.mcgill.sel.ram.gui/src/ca/mcgill/sel/ram/ui/views/structural/handler/impl/AttributeMappingToElementHandler.java
/home/circleci/touchram/ca.mcgill.sel.ram.gui/src/ca/mcgill/sel/ram/ui/views/state/handler/IStateComponentViewHandler.java
/home/circleci/touchram/ca.mcgill.sel.ram.gui/src/ca/mcgill/sel/ram/ui/layouts/HorizontalLayoutVerticallyCentered.java
/home/circleci/touchram/ca.mcgill.sel.ram.gui/src/ca/mcgill/sel/ram/ui/scenes/DisplayImpactModelEditScene.java
/home/circleci/touchram/ca.mcgill.sel.ram.gui/src/ca/mcgill/sel/ram/ui/views/containers/COREImpactConcernEditContainer.java
/home/circleci/touchram/ca.mcgill.sel.ram.gui/src/ca/mcgill/sel/ram/ui/examples/ImageExample.java
/home/circleci/touchram/ca.mcgill.sel.ram.gui/src/ca/mcgill/sel/ram/ui/components/navigationbar/NavigationBarMenu.java
/home/circleci/touchram/ca.mcgill.sel.ram.gui/src/ca/mcgill/sel/ram/ui/events/listeners/ITapListener.java
/home/circleci/touchram/ca.mcgill.sel.ram.gui/src/ca/mcgill/sel/ram/ui/views/message/MessageViewView.java
/home/circleci/touchram/ca.mcgill.sel.ram.gui/src/ca/mcgill/sel/ram/ui/views/structural/handler/IOperationViewHandler.java
/home/circleci/touchram/ca.mcgill.sel.ram.gui/src/ca/mcgill/sel/ram/ui/views/structural/handler/impl/OperationViewHandler.java
/home/circleci/touchram/ca.mcgill.sel.ram.gui/src/ca/mcgill/sel/ram/ui/layouts/AbstractBaseLayout.java
/home/circleci/touchram/ca.mcgill.sel.ram.gui/src/ca/mcgill/sel/ram/ui/scenes/handler/impl/DisplayApplicationWovenAspectSceneHandler.java
/home/circleci/touchram/ca.mcgill.sel.ram.gui/src/ca/mcgill/sel/ram/ui/utils/UnistrokeProcessorUtils.java
/home/circleci/touchram/ca.mcgill.sel.ram.gui/src/ca/mcgill/sel/ram/ui/components/listeners/RamKeyboardListener.java
/home/circleci/touchram/ca.mcgill.sel.ram.gui/src/ca/mcgill/sel/ram/ui/scenes/handler/impl/BuildApplicationSceneHandler.java
/home/circleci/touchram/ca.mcgill.sel.ram.gui/src/ca/mcgill/sel/ram/ui/views/structural/EnumView.java
/home/circleci/touchram/ca.mcgill.sel.ram.gui/src/ca/mcgill/sel/ram/ui/scenes/handler/IConcernEditSceneHandler.java
/home/circleci/touchram/ca.mcgill.sel.ram.gui/src/ca/mcgill/sel/ram/ui/views/handler/IAbstractViewHandler.java
/home/circleci/touchram/ca.mcgill.sel.ram.gui/src/ca/mcgill/sel/ram/ui/views/structural/handler/impl/ClassViewHandler.java
/home/circleci/touchram/ca.mcgill.sel.ram.gui/src/ca/mcgill/sel/ram/ui/views/structural/handler/IEnumLiteralViewHandler.java
/home/circleci/touchram/ca.mcgill.sel.ram.gui/src/ca/mcgill/sel/ram/ui/views/impact/handler/impl/ImpactEditDiagramHandler.java
/home/circleci/touchram/ca.mcgill.sel.ram.gui/src/ca/mcgill/sel/ram/ui/views/handler/IRelationshipViewHandler.java
/home/circleci/touchram/ca.mcgill.sel.ram.gui/src/ca/mcgill/sel/ram/ui/components/listeners/AbstractDefaultListListener.java
/home/circleci/touchram/ca.mcgill.sel.ram.gui/src/ca/mcgill/sel/ram/ui/scenes/AbstractImpactScene.java
/home/circleci/touchram/ca.mcgill.sel.ram.gui/src/ca/mcgill/sel/ram/ui/views/structural/handler/ICompositionPanelHandler.java
/home/circleci/touchram/ca.mcgill.sel.ram.gui/src/ca/mcgill/sel/ram/ui/views/structural/StructuralDiagramView.java
/home/circleci/touchram/ca.mcgill.sel.ram.gui/src/ca/mcgill/sel/ram/ui/scenes/handler/IConcernSelectSceneHandler.java
/home/circleci/touchram/ca.mcgill.sel.ram.gui/src/ca/mcgill/sel/ram/ui/components/RamScrollComponent.java
/home/circleci/touchram/ca.mcgill.sel.ram.gui/src/ca/mcgill/sel/ram/ui/views/structural/handler/impl/CompositionDefaultNameHandler.java
/home/circleci/touchram/ca.mcgill.sel.ram.gui/src/ca/mcgill/sel/ram/ui/layouts/HorizontalLayout.java
/home/circleci/touchram/ca.mcgill.sel.ram.gui/src/ca/mcgill/sel/ram/ui/views/structural/EnumLiteralMappingView.java
/home/circleci/touchram/ca.mcgill.sel.ram.gui/src/ca/mcgill/sel/ram/ui/views/structural/wrappers/ConstructorWrapper.java
/home/circleci/touchram/ca.mcgill.sel.ram.gui/src/ca/mcgill/sel/ram/ui/views/feature/FeatureDiagramEditView.java
/home/circleci/touchram/ca.mcgill.sel.ram.gui/src/ca/mcgill/sel/ram/ui/views/containers/COREFeatureModelLegendPanel.java
/home/circleci/touchram/ca.mcgill.sel.ram.gui/src/ca/mcgill/sel/ram/ui/components/RamImageTextComponent.java
/home/circleci/touchram/ca.mcgill.sel.ram.gui/src/ca/mcgill/sel/ram/ui/views/structural/handler/impl/AssociationViewHandler.java
/home/circleci/touchram/ca.mcgill.sel.ram.gui/src/ca/mcgill/sel/ram/ui/scenes/RamAbstractScene.java
/home/circleci/touchram/ca.mcgill.sel.ram.gui/src/ca/mcgill/sel/ram/ui/views/structural/handler/impl/EnumLiteralNameHandler.java
/home/circleci/touchram/ca.mcgill.sel.ram.gui/src/ca/mcgill/sel/ram/ui/components/browser/interfaces/AspectFileBrowserListener.java
/home/circleci/touchram/ca.mcgill.sel.ram.gui/src/ca/mcgill/sel/ram/ui/views/message/handler/impl/LifelineViewHandler.java
/home/circleci/touchram/ca.mcgill.sel.ram.gui/src/ca/mcgill/sel/ram/ui/layouts/DefaultLayout.java
/home/circleci/touchram/ca.mcgill.sel.ram.gui/src/ca/mcgill/sel/ram/ui/views/structural/ClassifierView.java
/home/circleci/touchram/ca.mcgill.sel.ram.gui/src/ca/mcgill/sel/ram/ui/components/browser/ConcernCreatorBrowser.java
/home/circleci/touchram/ca.mcgill.sel.ram.gui/src/ca/mcgill/sel/ram/ui/views/structural/handler/ICompositionNameHandler.java
/home/circleci/touchram/ca.mcgill.sel.ram.gui/src/ca/mcgill/sel/ram/ui/components/browser/interfaces/RamFileBrowserListener.java
/home/circleci/touchram/ca.mcgill.sel.ram.gui/src/ca/mcgill/sel/ram/ui/views/IRelationshipEndView.java
/home/circleci/touchram/ca.mcgill.sel.ram.gui/src/ca/mcgill/sel/ram/ui/views/message/handler/impl/MessageHandler.java
/home/circleci/touchram/ca.mcgill.sel.ram.gui/src/ca/mcgill/sel/ram/ui/events/listeners/IUnistrokeListener.java
/home/circleci/touchram/ca.mcgill.sel.ram.gui/src/ca/mcgill/sel/ram/ui/views/impact/FeatureImpactNodeTitleView.java
/home/circleci/touchram/ca.mcgill.sel.ram.gui/src/ca/mcgill/sel/ram/ui/events/listeners/ActionListener.java
/home/circleci/touchram/ca.mcgill.sel.ram.gui/src/ca/mcgill/sel/ram/ui/utils/WeaverRunner.java
/home/circleci/touchram/ca.mcgill.sel.ram.gui/src/ca/mcgill/sel/ram/ui/components/listeners/RamSelectorListener.java
/home/circleci/touchram/ca.mcgill.sel.ram.gui/src/ca/mcgill/sel/ram/ui/views/handler/impl/ValidatingTextViewHandler.java
/home/circleci/touchram/ca.mcgill.sel.ram.gui/src/ca/mcgill/sel/ram/ui/layouts/StateMachineLayout.java
/home/circleci/touchram/ca.mcgill.sel.ram.gui/src/ca/mcgill/sel/ram/ui/components/RamButton.java
/home/circleci/touchram/ca.mcgill.sel.ram.gui/src/ca/mcgill/sel/ram/ui/views/structural/handler/IImplementationClassNameHandler.java
/home/circleci/touchram/ca.mcgill.sel.ram.gui/src/ca/mcgill/sel/ram/ui/views/impact/ImpactSelectDiagramView.java
/home/circleci/touchram/ca.mcgill.sel.ram.gui/src/ca/mcgill/sel/ram/ui/views/message/handler/IValueSpecificationHandler.java
/home/circleci/touchram/ca.mcgill.sel.ram.gui/src/ca/mcgill/sel/ram/ui/components/listeners/AbstractDefaultRamSelectorListener.java
/home/circleci/touchram/ca.mcgill.sel.ram.gui/src/ca/mcgill/sel/ram/ui/views/feature/handler/impl/FeatureEditModeHandler.java
/home/circleci/touchram/ca.mcgill.sel.ram.gui/src/ca/mcgill/sel/ram/ui/views/message/handler/impl/ExecutionStatementHandler.java
/home/circleci/touchram/ca.mcgill.sel.ram.gui/src/ca/mcgill/sel/ram/ui/views/state/StateDiagramView.java
/home/circleci/touchram/ca.mcgill.sel.ram.gui/src/ca/mcgill/sel/ram/ui/components/RamSelectorComponent.java
/home/circleci/touchram/ca.mcgill.sel.ram.gui/src/ca/mcgill/sel/ram/ui/views/structural/handler/impl/AttributeViewHandler.java
/home/circleci/touchram/ca.mcgill.sel.ram.gui/src/ca/mcgill/sel/ram/ui/views/message/handler/impl/ReferenceAndValueHandler.java
/home/circleci/touchram/ca.mcgill.sel.ram.gui/src/ca/mcgill/sel/ram/ui/utils/OSXAdapter.java
/home/circleci/touchram/ca.mcgill.sel.ram.gui/src/ca/mcgill/sel/ram/ui/views/state/handler/impl/StateViewNameHandler.java
/home/circleci/touchram/ca.mcgill.sel.ram.gui/src/ca/mcgill/sel/ram/ui/components/navigationbar/NavigationBar.java
/home/circleci/touchram/ca.mcgill.sel.ram.gui/src/ca/mcgill/sel/ram/ui/components/RamExpendableComponent.java
/home/circleci/touchram/ca.mcgill.sel.ram.gui/src/ca/mcgill/sel/ram/ui/views/state/handler/impl/StateViewHandler.java
/home/circleci/touchram/ca.mcgill.sel.ram.gui/src/ca/mcgill/sel/ram/ui/views/impact/ContributionView.java
/home/circleci/touchram/ca.mcgill.sel.ram.gui/src/ca/mcgill/sel/ram/ui/views/structural/BaseView.java
/home/circleci/touchram/ca.mcgill.sel.ram.gui/src/ca/mcgill/sel/ram/ui/views/structural/ClassView.java
/home/circleci/touchram/ca.mcgill.sel.ram.gui/src/ca/mcgill/sel/ram/ui/examples/RegexTest.java
/home/circleci/touchram/ca.mcgill.sel.ram.gui/src/ca/mcgill/sel/ram/ui/views/message/AssignmentStatementView.java
/home/circleci/touchram/ca.mcgill.sel.ram.gui/src/ca/mcgill/sel/ram/ui/views/impact/ImpactEditDiagramView.java
/home/circleci/touchram/ca.mcgill.sel.ram.gui/src/ca/mcgill/sel/ram/ui/views/message/handler/HandlerFactoryMessageView.java
/home/circleci/touchram/ca.mcgill.sel.ram.gui/src/ca/mcgill/sel/ram/ui/views/feature/FeatureView.java
/home/circleci/touchram/ca.mcgill.sel.ram.gui/src/ca/mcgill/sel/ram/ui/views/impact/AbstractFeatureImpactNodeLineView.java
/home/circleci/touchram/ca.mcgill.sel.ram.gui/src/ca/mcgill/sel/ram/ui/examples/AnimationExample.java
/home/circleci/touchram/ca.mcgill.sel.ram.gui/src/ca/mcgill/sel/ram/ui/views/impact/WeightedLinkLineView.java
/home/circleci/touchram/ca.mcgill.sel.ram.gui/src/ca/mcgill/sel/ram/ui/examples/ExpendableExample.java
/home/circleci/touchram/ca.mcgill.sel.ram.gui/src/ca/mcgill/sel/ram/ui/components/RamImageComponent.java
/home/circleci/touchram/ca.mcgill.sel.ram.gui/src/ca/mcgill/sel/ram/ui/scenes/handler/impl/SelectSceneHandler.java
/home/circleci/touchram/ca.mcgill.sel.ram.gui/src/ca/mcgill/sel/ram/ui/events/UnistrokeProcessorLeftClick.java
/home/circleci/touchram/ca.mcgill.sel.ram.gui/src/ca/mcgill/sel/ram/ui/components/navigationbar/NavigationBarMenuElement.java
/home/circleci/touchram/ca.mcgill.sel.ram.gui/src/ca/mcgill/sel/ram/ui/views/state/handler/impl/StateViewViewHandler.java
/home/circleci/touchram/ca.mcgill.sel.ram.gui/src/ca/mcgill/sel/ram/ui/views/message/handler/impl/InteractionConstraintHandler.java
/home/circleci/touchram/ca.mcgill.sel.ram.gui/src/ca/mcgill/sel/ram/ui/views/structural/handler/impl/AssociationRoleNameHandler.java
/home/circleci/touchram/ca.mcgill.sel.ram.gui/src/ca/mcgill/sel/ram/ui/views/containers/ValidationView.java
/home/circleci/touchram/ca.mcgill.sel.ram.gui/src/ca/mcgill/sel/ram/ui/views/handler/impl/TextViewHandler.java
/home/circleci/touchram/ca.mcgill.sel.ram.gui/src/ca/mcgill/sel/ram/ui/views/impact/handler/impl/WeightedLinkEditHandler.java
/home/circleci/touchram/ca.mcgill.sel.ram.gui/src/ca/mcgill/sel/ram/ui/components/RamLineComponent.java
/home/circleci/touchram/ca.mcgill.sel.ram.gui/src/ca/mcgill/sel/ram/ui/views/impact/handler/impl/ImpactSelectDiagramHandler.java
/home/circleci/touchram/ca.mcgill.sel.ram.gui/src/ca/mcgill/sel/ram/ui/views/handler/DefaultAbstractViewHandler.java
/home/circleci/touchram/ca.mcgill.sel.ram.gui/src/ca/mcgill/sel/ram/ui/utils/Fonts.java
/home/circleci/touchram/ca.mcgill.sel.ram.gui/src/ca/mcgill/sel/ram/ui/views/structural/DataTypeView.java
/home/circleci/touchram/ca.mcgill.sel.ram.gui/src/ca/mcgill/sel/ram/ui/views/structural/handler/impl/BaseViewHandler.java
/home/circleci/touchram/ca.mcgill.sel.ram.gui/src/ca/mcgill/sel/ram/ui/views/feature/handler/IChangeLinkHandler.java
/home/circleci/touchram/ca.mcgill.sel.ram.gui/src/ca/mcgill/sel/ram/ui/views/structural/ClassifierMappingContainerView.java
/home/circleci/touchram/ca.mcgill.sel.ram.gui/src/ca/mcgill/sel/ram/ui/views/feature/FeatureDiagramView.java
/home/circleci/touchram/ca.mcgill.sel.ram.gui/src/ca/mcgill/sel/ram/ui/components/RamRoundedRectangleComponent.java
/home/circleci/touchram/ca.mcgill.sel.ram.gui/src/ca/mcgill/sel/ram/ui/components/RamTextComponent.java
/home/circleci/touchram/ca.mcgill.sel.ram.gui/src/ca/mcgill/sel/ram/ui/views/message/MessageCallView.java
/home/circleci/touchram/ca.mcgill.sel.ram.gui/src/ca/mcgill/sel/ram/ui/views/OptionSelectorView.java
/home/circleci/touchram/ca.mcgill.sel.ram.gui/src/ca/mcgill/sel/ram/ui/components/listeners/DefaultRamKeyboardListener.java
/home/circleci/touchram/ca.mcgill.sel.ram.gui/src/ca/mcgill/sel/ram/ui/components/ContainerComponent.java
/home/circleci/touchram/ca.mcgill.sel.ram.gui/src/ca/mcgill/sel/ram/ui/views/TextView.java
/home/circleci/touchram/ca.mcgill.sel.ram.gui/src/ca/mcgill/sel/ram/ui/utils/validation/ValidationManagerListener.java
/home/circleci/touchram/ca.mcgill.sel.ram.gui/src/ca/mcgill/sel/ram/ui/events/listeners/ITapAndHoldListener.java
/home/circleci/touchram/ca.mcgill.sel.ram.gui/src/ca/mcgill/sel/ram/ui/views/structural/handler/impl/StructuralViewHandler.java
/home/circleci/touchram/ca.mcgill.sel.ram.gui/src/ca/mcgill/sel/ram/ui/views/structural/handler/impl/AssociationMultiplicityHandler.java
/home/circleci/touchram/ca.mcgill.sel.ram.gui/src/ca/mcgill/sel/ram/ui/views/message/handler/impl/AssignToHandler.java
/home/circleci/touchram/ca.mcgill.sel.ram.gui/src/ca/mcgill/sel/ram/ui/views/structural/OperationMappingView.java
/home/circleci/touchram/ca.mcgill.sel.ram.gui/src/ca/mcgill/sel/ram/ui/views/message/handler/impl/AssignmentStatementHandler.java
/home/circleci/touchram/ca.mcgill.sel.ram.gui/src/ca/mcgill/sel/ram/ui/views/structural/handler/impl/ModelReuseContainerViewHandler.java
/home/circleci/touchram/ca.mcgill.sel.ram.gui/src/ca/mcgill/sel/ram/ui/examples/TextTest.java
/home/circleci/touchram/ca.mcgill.sel.ram.gui/src/ca/mcgill/sel/ram/ui/utils/autolayout/DefaultNodeExtentProvider.java
/home/circleci/touchram/ca.mcgill.sel.ram.gui/src/ca/mcgill/sel/ram/ui/components/browser/interfaces/JarFileBrowserListener.java
/home/circleci/touchram/ca.mcgill.sel.ram.gui/src/ca/mcgill/sel/ram/ui/views/structural/handler/impl/CompositionExtendNameHandler.java
/home/circleci/touchram/ca.mcgill.sel.ram.gui/src/ca/mcgill/sel/ram/ui/views/handler/BaseHandler.java
/home/circleci/touchram/ca.mcgill.sel.ram.gui/src/ca/mcgill/sel/ram/ui/views/structural/InheritanceView.java
/home/circleci/touchram/ca.mcgill.sel.ram.gui/src/ca/mcgill/sel/ram/ui/views/structural/handler/IAssociationRoleNameHandler.java
/home/circleci/touchram/ca.mcgill.sel.ram.gui/src/ca/mcgill/sel/ram/ui/views/handler/HandlerFactory.java
/home/circleci/touchram/ca.mcgill.sel.ram.gui/src/ca/mcgill/sel/ram/ui/components/RamTextFieldComponent.java
/home/circleci/touchram/ca.mcgill.sel.ram.gui/src/ca/mcgill/sel/ram/ui/components/browser/CoreFileBrowser.java
/home/circleci/touchram/ca.mcgill.sel.ram.gui/src/ca/mcgill/sel/ram/ui/components/navigationbar/SlideUpDownTransition.java
/home/circleci/touchram/ca.mcgill.sel.ram.gui/src/ca/mcgill/sel/ram/ui/views/feature/handler/impl/FeatureDiagramEditHandler.java
/home/circleci/touchram/ca.mcgill.sel.ram.gui/src/ca/mcgill/sel/ram/ui/views/structural/EnumMappingView.java
/home/circleci/touchram/ca.mcgill.sel.ram.gui/src/ca/mcgill/sel/ram/ui/utils/SelectionsSingleton.java
/home/circleci/touchram/ca.mcgill.sel.ram.gui/src/ca/mcgill/sel/ram/ui/views/message/handler/IMessageViewHandler.java
/home/circleci/touchram/ca.mcgill.sel.ram.gui/src/ca/mcgill/sel/ram/ui/views/containers/COREImpactContainer.java
/home/circleci/touchram/ca.mcgill.sel.ram.gui/src/ca/mcgill/sel/ram/ui/views/structural/handler/impl/EnumNameHandler.java
/home/circleci/touchram/ca.mcgill.sel.ram.gui/src/ca/mcgill/sel/ram/ui/scenes/handler/IRamAbstractSceneHandler.java
/home/circleci/touchram/ca.mcgill.sel.ram.gui/src/ca/mcgill/sel/ram/ui/views/structural/handler/IEnumViewHandler.java
/home/circleci/touchram/ca.mcgill.sel.ram.gui/src/ca/mcgill/sel/ram/ui/layouts/HorizontalLayoutAllCentered.java
/home/circleci/touchram/ca.mcgill.sel.ram.gui/src/ca/mcgill/sel/ram/ui/events/RightClickDragProcessor.java
/home/circleci/touchram/ca.mcgill.sel.ram.gui/src/ca/mcgill/sel/ram/ui/views/impact/handler/impl/GoalImpactViewHandler.java
/home/circleci/touchram/ca.mcgill.sel.ram.gui/src/ca/mcgill/sel/ram/ui/views/message/LifelineView.java
/home/circleci/touchram/ca.mcgill.sel.ram.gui/src/ca/mcgill/sel/ram/ui/views/structural/handler/impl/AttributeNameHandler.java
/home/circleci/touchram/ca.mcgill.sel.ram.gui/src/ca/mcgill/sel/ram/ui/views/DefaultRelationshipView.java
/home/circleci/touchram/ca.mcgill.sel.ram.gui/src/ca/mcgill/sel/ram/ui/views/state/StateMachineView.java
/home/circleci/touchram/ca.mcgill.sel.ram.gui/src/ca/mcgill/sel/ram/ui/views/handler/ITextViewHandler.java
/home/circleci/touchram/ca.mcgill.sel.ram.gui/src/ca/mcgill/sel/ram/ui/views/state/handler/IStateMachineViewHandler.java
/home/circleci/touchram/ca.mcgill.sel.ram.gui/src/ca/mcgill/sel/ram/ui/events/listeners/IPanListener.java
/home/circleci/touchram/ca.mcgill.sel.ram.gui/src/ca/mcgill/sel/ram/ui/views/structural/CompositionsPanel.java
/home/circleci/touchram/ca.mcgill.sel.ram.gui/src/ca/mcgill/sel/ram/ui/views/structural/handler/impl/EnumLiteralViewHandler.java
/home/circleci/touchram/ca.mcgill.sel.ram.gui/src/ca/mcgill/sel/ram/ui/views/structural/OperationView.java
/home/circleci/touchram/ca.mcgill.sel.ram.gui/src/ca/mcgill/sel/ram/ui/views/structural/handler/impl/ClassNameHandler.java
/home/circleci/touchram/ca.mcgill.sel.ram.gui/src/ca/mcgill/sel/ram/ui/views/feature/handler/impl/FeatureSelectModeHandler.java
/home/circleci/touchram/ca.mcgill.sel.ram.gui/src/ca/mcgill/sel/ram/ui/views/message/handler/impl/MessageViewHandler.java
/home/circleci/touchram/ca.mcgill.sel.ram.gui/src/ca/mcgill/sel/ram/ui/views/structural/handler/IAttributeNameHandler.java
/home/circleci/touchram/ca.mcgill.sel.ram.gui/src/ca/mcgill/sel/ram/ui/views/structural/AssociationView.java
/home/circleci/touchram/ca.mcgill.sel.ram.gui/src/ca/mcgill/sel/ram/ui/views/structural/handler/impl/ImplementationClassNameHandler.java
/home/circleci/touchram/ca.mcgill.sel.ram.gui/src/ca/mcgill/sel/ram/ui/views/structural/handler/IMappingContainerViewHandler.java
/home/circleci/touchram/ca.mcgill.sel.ram.gui/src/ca/mcgill/sel/ram/ui/components/RamRectangleComponent.java
/home/circleci/touchram/ca.mcgill.sel.ram.gui/src/ca/mcgill/sel/ram/ui/views/containers/COREImpactModelContainer.java
/home/circleci/touchram/ca.mcgill.sel.ram.gui/src/ca/mcgill/sel/ram/ui/examples/CommandsTest.java
/home/circleci/touchram/ca.mcgill.sel.ram.gui/src/ca/mcgill/sel/ram/ui/utils/GraphicalUpdaterListener.java
/home/circleci/touchram/ca.mcgill.sel.ram.gui/src/ca/mcgill/sel/ram/ui/components/RamPanelComponent.java
/home/circleci/touchram/ca.mcgill.sel.ram.gui/src/ca/mcgill/sel/ram/ui/components/RamKeyboard.java
/home/circleci/touchram/ca.mcgill.sel.ram.gui/src/ca/mcgill/sel/ram/ui/components/navigationbar/NavigationBarSection.java
/home/circleci/touchram/ca.mcgill.sel.ram.gui/src/ca/mcgill/sel/ram/ui/views/structural/CompositionTitleView.java
/home/circleci/touchram/ca.mcgill.sel.ram.gui/src/ca/mcgill/sel/ram/ui/views/handler/IDisplaySceneHandler.java
/home/circleci/touchram/ca.mcgill.sel.ram.gui/src/ca/mcgill/sel/ram/ui/examples/SelectorExample.java
/home/circleci/touchram/ca.mcgill.sel.ram.gui/src/ca/mcgill/sel/ram/ui/events/Axis.java
/home/circleci/touchram/ca.mcgill.sel.ram.gui/src/ca/mcgill/sel/ram/ui/utils/Strings.java
/home/circleci/touchram/ca.mcgill.sel.ram.gui/src/ca/mcgill/sel/ram/ui/scenes/handler/impl/DefaultRamSceneHandler.java
/home/circleci/touchram/ca.mcgill.sel.ram.gui/src/ca/mcgill/sel/ram/ui/views/state/handler/impl/TransitionNameHandler.java
/home/circleci/touchram/ca.mcgill.sel.ram.gui/src/ca/mcgill/sel/ram/ui/views/structural/handler/impl/OperationMappingToElementHandler.java
/home/circleci/touchram/ca.mcgill.sel.ram.gui/src/ca/mcgill/sel/ram/ui/views/state/handler/impl/StateComponentViewHandler.java
/home/circleci/touchram/ca.mcgill.sel.ram.gui/src/ca/mcgill/sel/ram/ui/TouchCORE.java
